[2024-06-05T01:25:43.492-0400][gc,init] CardTable entry size: 512
[2024-06-05T01:25:43.492-0400][gc     ] Using G1
[2024-06-05T01:25:43.500-0400][gc,init] Version: 21.0.3 (release)
[2024-06-05T01:25:43.500-0400][gc,init] CPUs: 4 total, 4 available
[2024-06-05T01:25:43.500-0400][gc,init] Memory: 8192M
[2024-06-05T01:25:43.500-0400][gc,init] Large Page Support: Disabled
[2024-06-05T01:25:43.500-0400][gc,init] NUMA Support: Disabled
[2024-06-05T01:25:43.500-0400][gc,init] Compressed Oops: Enabled (Zero based)
[2024-06-05T01:25:43.500-0400][gc,init] Heap Region Size: 1M
[2024-06-05T01:25:43.500-0400][gc,init] Heap Min Capacity: 1G
[2024-06-05T01:25:43.500-0400][gc,init] Heap Initial Capacity: 1G
[2024-06-05T01:25:43.500-0400][gc,init] Heap Max Capacity: 1G
[2024-06-05T01:25:43.500-0400][gc,init] Pre-touch: Disabled
[2024-06-05T01:25:43.500-0400][gc,init] Parallel Workers: 4
[2024-06-05T01:25:43.500-0400][gc,init] Concurrent Workers: 1
[2024-06-05T01:25:43.500-0400][gc,init] Concurrent Refinement Workers: 4
[2024-06-05T01:25:43.500-0400][gc,init] Periodic GC: Disabled
[2024-06-05T01:25:43.512-0400][gc,metaspace] CDS archive(s) mapped at: [0x0000000121000000-0x0000000121ca1000-0x0000000121ca1000), size 13242368, SharedBaseAddress: 0x0000000121000000, ArchiveRelocationMode: 1.
[2024-06-05T01:25:43.512-0400][gc,metaspace] Compressed class space mapped at: 0x0000000122000000-0x0000000162000000, reserved size: 1073741824
[2024-06-05T01:25:43.512-0400][gc,metaspace] Narrow klass base: 0x0000000121000000, Narrow klass shift: 0, Narrow klass range: 0x100000000
[2024-06-05T01:25:46.977-0400][gc,heap,exit] Heap
[2024-06-05T01:25:46.977-0400][gc,heap,exit]  garbage-first heap   total 1048576K, used 53260K [0x00000007c0000000, 0x0000000800000000)
[2024-06-05T01:25:46.977-0400][gc,heap,exit]   region size 1024K, 51 young (52224K), 0 survivors (0K)
[2024-06-05T01:25:46.977-0400][gc,heap,exit]  Metaspace       used 19529K, committed 19712K, reserved 1114112K
[2024-06-05T01:25:46.977-0400][gc,heap,exit]   class space    used 2481K, committed 2560K, reserved 1048576K
