[2024-06-11T00:31:11.905-0400][gc,heap] Heap region size: 1M
[2024-06-11T00:31:11.917-0400][gc     ] Using G1
[2024-06-11T00:31:11.917-0400][gc,heap,coops] Heap address: 0x00000007c0000000, size: 1024 MB, Compressed Oops mode: Zero based, Oop shift amount: 3
[2024-06-11T00:31:14.391-0400][gc,start     ] GC(0) Pause Young (Concurrent Start) (Metadata GC Threshold)
[2024-06-11T00:31:14.391-0400][gc,task      ] GC(0) Using 4 workers of 4 for evacuation
[2024-06-11T00:31:14.411-0400][gc,phases    ] GC(0)   Pre Evacuate Collection Set: 0.1ms
[2024-06-11T00:31:14.411-0400][gc,phases    ] GC(0)   Evacuate Collection Set: 18.2ms
[2024-06-11T00:31:14.411-0400][gc,phases    ] GC(0)   Post Evacuate Collection Set: 0.9ms
[2024-06-11T00:31:14.411-0400][gc,phases    ] GC(0)   Other: 1.0ms
[2024-06-11T00:31:14.411-0400][gc,heap      ] GC(0) Eden regions: 42->0(44)
[2024-06-11T00:31:14.411-0400][gc,heap      ] GC(0) Survivor regions: 0->7(7)
[2024-06-11T00:31:14.411-0400][gc,heap      ] GC(0) Old regions: 0->0
[2024-06-11T00:31:14.411-0400][gc,heap      ] GC(0) Humongous regions: 0->0
[2024-06-11T00:31:14.411-0400][gc,metaspace ] GC(0) Metaspace: 20869K(21296K)->20869K(21296K) NonClass: 18411K(18608K)->18411K(18608K) Class: 2458K(2688K)->2458K(2688K)
[2024-06-11T00:31:14.411-0400][gc           ] GC(0) Pause Young (Concurrent Start) (Metadata GC Threshold) 41M->6M(1024M) 20.536ms
[2024-06-11T00:31:14.412-0400][gc,cpu       ] GC(0) User=0.03s Sys=0.01s Real=0.02s
[2024-06-11T00:31:14.412-0400][gc           ] GC(1) Concurrent Cycle
[2024-06-11T00:31:14.412-0400][gc,marking   ] GC(1) Concurrent Clear Claimed Marks
[2024-06-11T00:31:14.412-0400][gc,marking   ] GC(1) Concurrent Clear Claimed Marks 0.091ms
[2024-06-11T00:31:14.412-0400][gc,marking   ] GC(1) Concurrent Scan Root Regions
[2024-06-11T00:31:14.418-0400][gc,marking   ] GC(1) Concurrent Scan Root Regions 5.975ms
[2024-06-11T00:31:14.418-0400][gc,marking   ] GC(1) Concurrent Mark (2.524s)
[2024-06-11T00:31:14.418-0400][gc,marking   ] GC(1) Concurrent Mark From Roots
[2024-06-11T00:31:14.418-0400][gc,task      ] GC(1) Using 1 workers of 1 for marking
[2024-06-11T00:31:14.419-0400][gc,marking   ] GC(1) Concurrent Mark From Roots 0.964ms
[2024-06-11T00:31:14.419-0400][gc,marking   ] GC(1) Concurrent Preclean
[2024-06-11T00:31:14.419-0400][gc,marking   ] GC(1) Concurrent Preclean 0.059ms
[2024-06-11T00:31:14.419-0400][gc,marking   ] GC(1) Concurrent Mark (2.524s, 2.525s) 1.163ms
[2024-06-11T00:31:14.422-0400][gc,start     ] GC(1) Pause Remark
[2024-06-11T00:31:14.426-0400][gc,stringtable] GC(1) Cleaned string and symbol table, strings: 7696 processed, 0 removed, symbols: 64264 processed, 38 removed
[2024-06-11T00:31:14.427-0400][gc            ] GC(1) Pause Remark 7M->7M(1024M) 5.185ms
[2024-06-11T00:31:14.427-0400][gc,cpu        ] GC(1) User=0.01s Sys=0.00s Real=0.00s
[2024-06-11T00:31:14.427-0400][gc,marking    ] GC(1) Concurrent Rebuild Remembered Sets
[2024-06-11T00:31:14.427-0400][gc,marking    ] GC(1) Concurrent Rebuild Remembered Sets 0.266ms
[2024-06-11T00:31:14.428-0400][gc,start      ] GC(1) Pause Cleanup
[2024-06-11T00:31:14.428-0400][gc            ] GC(1) Pause Cleanup 7M->7M(1024M) 0.216ms
[2024-06-11T00:31:14.428-0400][gc,cpu        ] GC(1) User=0.00s Sys=0.00s Real=0.00s
[2024-06-11T00:31:14.428-0400][gc,marking    ] GC(1) Concurrent Cleanup for Next Mark
[2024-06-11T00:31:14.447-0400][gc,marking    ] GC(1) Concurrent Cleanup for Next Mark 19.064ms
[2024-06-11T00:31:14.447-0400][gc            ] GC(1) Concurrent Cycle 35.510ms
[2024-06-11T00:31:17.095-0400][gc,start      ] GC(2) Pause Young (Normal) (G1 Evacuation Pause)
[2024-06-11T00:31:17.095-0400][gc,task       ] GC(2) Using 4 workers of 4 for evacuation
[2024-06-11T00:31:17.114-0400][gc,phases     ] GC(2)   Pre Evacuate Collection Set: 0.0ms
[2024-06-11T00:31:17.114-0400][gc,phases     ] GC(2)   Evacuate Collection Set: 18.2ms
[2024-06-11T00:31:17.114-0400][gc,phases     ] GC(2)   Post Evacuate Collection Set: 0.5ms
[2024-06-11T00:31:17.114-0400][gc,phases     ] GC(2)   Other: 0.4ms
[2024-06-11T00:31:17.114-0400][gc,heap       ] GC(2) Eden regions: 44->0(48)
[2024-06-11T00:31:17.114-0400][gc,heap       ] GC(2) Survivor regions: 7->3(7)
[2024-06-11T00:31:17.114-0400][gc,heap       ] GC(2) Old regions: 0->7
[2024-06-11T00:31:17.114-0400][gc,heap       ] GC(2) Humongous regions: 129->129
[2024-06-11T00:31:17.114-0400][gc,metaspace  ] GC(2) Metaspace: 30866K(31920K)->30866K(31920K) NonClass: 26967K(27568K)->26967K(27568K) Class: 3899K(4352K)->3899K(4352K)
[2024-06-11T00:31:17.114-0400][gc            ] GC(2) Pause Young (Normal) (G1 Evacuation Pause) 179M->138M(1024M) 19.344ms
[2024-06-11T00:31:17.114-0400][gc,cpu        ] GC(2) User=0.04s Sys=0.01s Real=0.02s
[2024-06-11T00:31:17.436-0400][gc,start      ] GC(3) Pause Young (Concurrent Start) (Metadata GC Threshold)
[2024-06-11T00:31:17.436-0400][gc,task       ] GC(3) Using 4 workers of 4 for evacuation
[2024-06-11T00:31:17.439-0400][gc,phases     ] GC(3)   Pre Evacuate Collection Set: 0.1ms
[2024-06-11T00:31:17.439-0400][gc,phases     ] GC(3)   Evacuate Collection Set: 3.2ms
[2024-06-11T00:31:17.439-0400][gc,phases     ] GC(3)   Post Evacuate Collection Set: 0.2ms
[2024-06-11T00:31:17.439-0400][gc,phases     ] GC(3)   Other: 0.2ms
[2024-06-11T00:31:17.439-0400][gc,heap       ] GC(3) Eden regions: 17->0(48)
[2024-06-11T00:31:17.439-0400][gc,heap       ] GC(3) Survivor regions: 3->3(7)
[2024-06-11T00:31:17.439-0400][gc,heap       ] GC(3) Old regions: 7->7
[2024-06-11T00:31:17.439-0400][gc,heap       ] GC(3) Humongous regions: 129->129
[2024-06-11T00:31:17.439-0400][gc,metaspace  ] GC(3) Metaspace: 34769K(35920K)->34769K(35920K) NonClass: 30582K(31312K)->30582K(31312K) Class: 4186K(4608K)->4186K(4608K)
[2024-06-11T00:31:17.439-0400][gc            ] GC(3) Pause Young (Concurrent Start) (Metadata GC Threshold) 155M->138M(1024M) 3.802ms
[2024-06-11T00:31:17.439-0400][gc,cpu        ] GC(3) User=0.01s Sys=0.00s Real=0.00s
[2024-06-11T00:31:17.440-0400][gc            ] GC(4) Concurrent Cycle
[2024-06-11T00:31:17.440-0400][gc,marking    ] GC(4) Concurrent Clear Claimed Marks
[2024-06-11T00:31:17.440-0400][gc,marking    ] GC(4) Concurrent Clear Claimed Marks 0.074ms
[2024-06-11T00:31:17.440-0400][gc,marking    ] GC(4) Concurrent Scan Root Regions
[2024-06-11T00:31:17.442-0400][gc,marking    ] GC(4) Concurrent Scan Root Regions 2.103ms
[2024-06-11T00:31:17.442-0400][gc,marking    ] GC(4) Concurrent Mark (5.548s)
[2024-06-11T00:31:17.442-0400][gc,marking    ] GC(4) Concurrent Mark From Roots
[2024-06-11T00:31:17.442-0400][gc,task       ] GC(4) Using 1 workers of 1 for marking
[2024-06-11T00:31:17.450-0400][gc,marking    ] GC(4) Concurrent Mark From Roots 8.400ms
[2024-06-11T00:31:17.450-0400][gc,marking    ] GC(4) Concurrent Preclean
[2024-06-11T00:31:17.450-0400][gc,marking    ] GC(4) Concurrent Preclean 0.072ms
[2024-06-11T00:31:17.450-0400][gc,marking    ] GC(4) Concurrent Mark (5.548s, 5.556s) 8.550ms
[2024-06-11T00:31:17.451-0400][gc,start      ] GC(4) Pause Remark
[2024-06-11T00:31:17.453-0400][gc,stringtable] GC(4) Cleaned string and symbol table, strings: 11231 processed, 10 removed, symbols: 96527 processed, 28 removed
[2024-06-11T00:31:17.453-0400][gc            ] GC(4) Pause Remark 139M->139M(1024M) 2.948ms
[2024-06-11T00:31:17.453-0400][gc,cpu        ] GC(4) User=0.01s Sys=0.00s Real=0.00s
[2024-06-11T00:31:17.454-0400][gc,marking    ] GC(4) Concurrent Rebuild Remembered Sets
[2024-06-11T00:31:17.459-0400][gc,marking    ] GC(4) Concurrent Rebuild Remembered Sets 4.988ms
[2024-06-11T00:31:17.459-0400][gc,start      ] GC(4) Pause Cleanup
[2024-06-11T00:31:17.459-0400][gc            ] GC(4) Pause Cleanup 139M->139M(1024M) 0.125ms
[2024-06-11T00:31:17.459-0400][gc,cpu        ] GC(4) User=0.00s Sys=0.00s Real=0.00s
[2024-06-11T00:31:17.459-0400][gc,marking    ] GC(4) Concurrent Cleanup for Next Mark
[2024-06-11T00:31:17.469-0400][gc,marking    ] GC(4) Concurrent Cleanup for Next Mark 10.211ms
[2024-06-11T00:31:17.469-0400][gc            ] GC(4) Concurrent Cycle 29.639ms
[2024-06-11T00:31:18.550-0400][gc,start      ] GC(5) Pause Young (Normal) (GCLocker Initiated GC)
[2024-06-11T00:31:18.550-0400][gc,task       ] GC(5) Using 4 workers of 4 for evacuation
[2024-06-11T00:31:18.562-0400][gc,phases     ] GC(5)   Pre Evacuate Collection Set: 0.1ms
[2024-06-11T00:31:18.562-0400][gc,phases     ] GC(5)   Evacuate Collection Set: 11.0ms
[2024-06-11T00:31:18.562-0400][gc,phases     ] GC(5)   Post Evacuate Collection Set: 0.6ms
[2024-06-11T00:31:18.562-0400][gc,phases     ] GC(5)   Other: 0.3ms
[2024-06-11T00:31:18.562-0400][gc,heap       ] GC(5) Eden regions: 49->0(44)
[2024-06-11T00:31:18.562-0400][gc,heap       ] GC(5) Survivor regions: 3->7(7)
[2024-06-11T00:31:18.562-0400][gc,heap       ] GC(5) Old regions: 7->7
[2024-06-11T00:31:18.562-0400][gc,heap       ] GC(5) Humongous regions: 129->129
[2024-06-11T00:31:18.562-0400][gc,metaspace  ] GC(5) Metaspace: 43547K(45488K)->43547K(45488K) NonClass: 38195K(39344K)->38195K(39344K) Class: 5352K(6144K)->5352K(6144K)
[2024-06-11T00:31:18.562-0400][gc            ] GC(5) Pause Young (Normal) (GCLocker Initiated GC) 186M->142M(1024M) 12.163ms
[2024-06-11T00:31:18.562-0400][gc,cpu        ] GC(5) User=0.03s Sys=0.01s Real=0.01s
[2024-06-11T00:36:46.327-0400][gc,start      ] GC(6) Pause Young (Normal) (G1 Evacuation Pause)
[2024-06-11T00:36:46.328-0400][gc,task       ] GC(6) Using 4 workers of 4 for evacuation
[2024-06-11T00:36:46.341-0400][gc,phases     ] GC(6)   Pre Evacuate Collection Set: 0.0ms
[2024-06-11T00:36:46.341-0400][gc,phases     ] GC(6)   Evacuate Collection Set: 12.2ms
[2024-06-11T00:36:46.341-0400][gc,phases     ] GC(6)   Post Evacuate Collection Set: 0.8ms
[2024-06-11T00:36:46.341-0400][gc,phases     ] GC(6)   Other: 0.4ms
[2024-06-11T00:36:46.341-0400][gc,heap       ] GC(6) Eden regions: 44->0(48)
[2024-06-11T00:36:46.341-0400][gc,heap       ] GC(6) Survivor regions: 7->3(7)
[2024-06-11T00:36:46.341-0400][gc,heap       ] GC(6) Old regions: 7->13
[2024-06-11T00:36:46.341-0400][gc,heap       ] GC(6) Humongous regions: 129->129
[2024-06-11T00:36:46.341-0400][gc,metaspace  ] GC(6) Metaspace: 49292K(52016K)->49292K(52016K) NonClass: 42752K(44208K)->42752K(44208K) Class: 6540K(7808K)->6540K(7808K)
[2024-06-11T00:36:46.341-0400][gc            ] GC(6) Pause Young (Normal) (G1 Evacuation Pause) 186M->144M(1024M) 13.531ms
[2024-06-11T00:36:46.341-0400][gc,cpu        ] GC(6) User=0.03s Sys=0.01s Real=0.02s
[2024-06-11T00:46:19.366-0400][gc,start      ] GC(7) Pause Young (Normal) (G1 Evacuation Pause)
[2024-06-11T00:46:19.372-0400][gc,task       ] GC(7) Using 4 workers of 4 for evacuation
[2024-06-11T00:46:19.580-0400][gc,mmu        ] GC(7) MMU target violated: 21.0ms (20.0ms/21.0ms)
[2024-06-11T00:46:19.580-0400][gc,phases     ] GC(7)   Pre Evacuate Collection Set: 16.1ms
[2024-06-11T00:46:19.580-0400][gc,phases     ] GC(7)   Evacuate Collection Set: 163.6ms
[2024-06-11T00:46:19.580-0400][gc,phases     ] GC(7)   Post Evacuate Collection Set: 0.7ms
[2024-06-11T00:46:19.580-0400][gc,phases     ] GC(7)   Other: 33.6ms
[2024-06-11T00:46:19.580-0400][gc,heap       ] GC(7) Eden regions: 48->0(46)
[2024-06-11T00:46:19.580-0400][gc,heap       ] GC(7) Survivor regions: 3->5(7)
[2024-06-11T00:46:19.580-0400][gc,heap       ] GC(7) Old regions: 13->13
[2024-06-11T00:46:19.580-0400][gc,heap       ] GC(7) Humongous regions: 129->129
[2024-06-11T00:46:19.580-0400][gc,metaspace  ] GC(7) Metaspace: 50770K(53680K)->50770K(53680K) NonClass: 44146K(45744K)->44146K(45744K) Class: 6623K(7936K)->6623K(7936K)
[2024-06-11T00:46:19.581-0400][gc            ] GC(7) Pause Young (Normal) (G1 Evacuation Pause) 192M->146M(1024M) 214.755ms
[2024-06-11T00:46:19.581-0400][gc,cpu        ] GC(7) User=0.04s Sys=0.13s Real=0.22s
[2024-06-11T00:56:09.006-0400][gc,start      ] GC(8) Pause Young (Normal) (G1 Evacuation Pause)
[2024-06-11T00:56:09.011-0400][gc,task       ] GC(8) Using 4 workers of 4 for evacuation
[2024-06-11T00:56:09.384-0400][gc,mmu        ] GC(8) MMU target violated: 21.0ms (20.0ms/21.0ms)
[2024-06-11T00:56:09.384-0400][gc,phases     ] GC(8)   Pre Evacuate Collection Set: 13.6ms
[2024-06-11T00:56:09.384-0400][gc,phases     ] GC(8)   Evacuate Collection Set: 352.4ms
[2024-06-11T00:56:09.384-0400][gc,phases     ] GC(8)   Post Evacuate Collection Set: 2.2ms
[2024-06-11T00:56:09.384-0400][gc,phases     ] GC(8)   Other: 11.6ms
[2024-06-11T00:56:09.384-0400][gc,heap       ] GC(8) Eden regions: 46->0(48)
[2024-06-11T00:56:09.384-0400][gc,heap       ] GC(8) Survivor regions: 5->3(7)
[2024-06-11T00:56:09.384-0400][gc,heap       ] GC(8) Old regions: 13->16
[2024-06-11T00:56:09.384-0400][gc,heap       ] GC(8) Humongous regions: 129->129
[2024-06-11T00:56:09.384-0400][gc,metaspace  ] GC(8) Metaspace: 50874K(53680K)->50874K(53680K) NonClass: 44250K(45744K)->44250K(45744K) Class: 6623K(7936K)->6623K(7936K)
[2024-06-11T00:56:09.384-0400][gc            ] GC(8) Pause Young (Normal) (G1 Evacuation Pause) 192M->146M(1024M) 378.407ms
[2024-06-11T00:56:09.384-0400][gc,cpu        ] GC(8) User=0.04s Sys=0.11s Real=0.38s
[2024-06-11T01:07:26.113-0400][gc,start      ] GC(9) Pause Young (Normal) (G1 Evacuation Pause)
[2024-06-11T01:07:26.114-0400][gc,task       ] GC(9) Using 4 workers of 4 for evacuation
[2024-06-11T01:07:26.230-0400][gc,mmu        ] GC(9) MMU target violated: 21.0ms (20.0ms/21.0ms)
[2024-06-11T01:07:26.231-0400][gc,phases     ] GC(9)   Pre Evacuate Collection Set: 9.1ms
[2024-06-11T01:07:26.231-0400][gc,phases     ] GC(9)   Evacuate Collection Set: 103.3ms
[2024-06-11T01:07:26.231-0400][gc,phases     ] GC(9)   Post Evacuate Collection Set: 0.6ms
[2024-06-11T01:07:26.231-0400][gc,phases     ] GC(9)   Other: 5.6ms
[2024-06-11T01:07:26.232-0400][gc,heap       ] GC(9) Eden regions: 48->0(48)
[2024-06-11T01:07:26.232-0400][gc,heap       ] GC(9) Survivor regions: 3->3(7)
[2024-06-11T01:07:26.232-0400][gc,heap       ] GC(9) Old regions: 16->16
[2024-06-11T01:07:26.232-0400][gc,heap       ] GC(9) Humongous regions: 129->129
[2024-06-11T01:07:26.232-0400][gc,metaspace  ] GC(9) Metaspace: 50929K(53680K)->50929K(53680K) NonClass: 44304K(45744K)->44304K(45744K) Class: 6624K(7936K)->6624K(7936K)
[2024-06-11T01:07:26.233-0400][gc            ] GC(9) Pause Young (Normal) (G1 Evacuation Pause) 194M->146M(1024M) 119.505ms
[2024-06-11T01:07:26.233-0400][gc,cpu        ] GC(9) User=0.09s Sys=0.13s Real=0.12s
[2024-06-11T01:18:57.988-0400][gc,start      ] GC(10) Pause Young (Normal) (G1 Evacuation Pause)
[2024-06-11T01:18:57.988-0400][gc,task       ] GC(10) Using 4 workers of 4 for evacuation
[2024-06-11T01:18:58.095-0400][gc,mmu        ] GC(10) MMU target violated: 21.0ms (20.0ms/21.0ms)
[2024-06-11T01:18:58.096-0400][gc,phases     ] GC(10)   Pre Evacuate Collection Set: 0.1ms
[2024-06-11T01:18:58.096-0400][gc,phases     ] GC(10)   Evacuate Collection Set: 99.8ms
[2024-06-11T01:18:58.096-0400][gc,phases     ] GC(10)   Post Evacuate Collection Set: 6.4ms
[2024-06-11T01:18:58.096-0400][gc,phases     ] GC(10)   Other: 1.2ms
[2024-06-11T01:18:58.096-0400][gc,heap       ] GC(10) Eden regions: 48->0(47)
[2024-06-11T01:18:58.096-0400][gc,heap       ] GC(10) Survivor regions: 3->4(7)
[2024-06-11T01:18:58.098-0400][gc,heap       ] GC(10) Old regions: 16->16
[2024-06-11T01:18:58.098-0400][gc,heap       ] GC(10) Humongous regions: 129->129
[2024-06-11T01:18:58.098-0400][gc,metaspace  ] GC(10) Metaspace: 50967K(53680K)->50967K(53680K) NonClass: 44342K(45744K)->44342K(45744K) Class: 6624K(7936K)->6624K(7936K)
[2024-06-11T01:18:58.099-0400][gc            ] GC(10) Pause Young (Normal) (G1 Evacuation Pause) 194M->147M(1024M) 111.248ms
[2024-06-11T01:18:58.099-0400][gc,cpu        ] GC(10) User=0.02s Sys=0.04s Real=0.11s
[2024-06-11T01:30:10.362-0400][gc,start      ] GC(11) Pause Young (Normal) (G1 Evacuation Pause)
[2024-06-11T01:30:10.363-0400][gc,task       ] GC(11) Using 4 workers of 4 for evacuation
[2024-06-11T01:30:10.393-0400][gc,mmu        ] GC(11) MMU target violated: 21.0ms (20.0ms/21.0ms)
[2024-06-11T01:30:10.393-0400][gc,phases     ] GC(11)   Pre Evacuate Collection Set: 0.1ms
[2024-06-11T01:30:10.393-0400][gc,phases     ] GC(11)   Evacuate Collection Set: 29.6ms
[2024-06-11T01:30:10.393-0400][gc,phases     ] GC(11)   Post Evacuate Collection Set: 0.4ms
[2024-06-11T01:30:10.393-0400][gc,phases     ] GC(11)   Other: 0.7ms
[2024-06-11T01:30:10.393-0400][gc,heap       ] GC(11) Eden regions: 47->0(48)
[2024-06-11T01:30:10.393-0400][gc,heap       ] GC(11) Survivor regions: 4->3(7)
[2024-06-11T01:30:10.393-0400][gc,heap       ] GC(11) Old regions: 16->16
[2024-06-11T01:30:10.393-0400][gc,heap       ] GC(11) Humongous regions: 129->129
[2024-06-11T01:30:10.393-0400][gc,metaspace  ] GC(11) Metaspace: 51031K(53936K)->51031K(53936K) NonClass: 44406K(46000K)->44406K(46000K) Class: 6624K(7936K)->6624K(7936K)
[2024-06-11T01:30:10.393-0400][gc            ] GC(11) Pause Young (Normal) (G1 Evacuation Pause) 194M->147M(1024M) 30.870ms
[2024-06-11T01:30:10.393-0400][gc,cpu        ] GC(11) User=0.02s Sys=0.04s Real=0.03s
[2024-06-11T01:30:45.106-0400][gc,heap,exit  ] Heap
[2024-06-11T01:30:45.108-0400][gc,heap,exit  ]  garbage-first heap   total 1048576K, used 162847K [0x00000007c0000000, 0x0000000800000000)
[2024-06-11T01:30:45.108-0400][gc,heap,exit  ]   region size 1024K, 16 young (16384K), 3 survivors (3072K)
[2024-06-11T01:30:45.108-0400][gc,heap,exit  ]  Metaspace       used 51935K, capacity 54809K, committed 55088K, reserved 1095680K
[2024-06-11T01:30:45.108-0400][gc,heap,exit  ]   class space    used 6876K, capacity 8268K, committed 8320K, reserved 1048576K
