[2024-06-12T13:26:02.841-0400][gc,heap] Heap region size: 1M
[2024-06-12T13:26:02.851-0400][gc     ] Using G1
[2024-06-12T13:26:02.851-0400][gc,heap,coops] Heap address: 0x00000007c0000000, size: 1024 MB, Compressed Oops mode: Zero based, Oop shift amount: 3
[2024-06-12T13:26:05.291-0400][gc,start     ] GC(0) Pause Young (Concurrent Start) (Metadata GC Threshold)
[2024-06-12T13:26:05.291-0400][gc,task      ] GC(0) Using 4 workers of 4 for evacuation
[2024-06-12T13:26:05.304-0400][gc,phases    ] GC(0)   Pre Evacuate Collection Set: 0.0ms
[2024-06-12T13:26:05.304-0400][gc,phases    ] GC(0)   Evacuate Collection Set: 11.7ms
[2024-06-12T13:26:05.304-0400][gc,phases    ] GC(0)   Post Evacuate Collection Set: 0.5ms
[2024-06-12T13:26:05.304-0400][gc,phases    ] GC(0)   Other: 0.5ms
[2024-06-12T13:26:05.304-0400][gc,heap      ] GC(0) Eden regions: 41->0(44)
[2024-06-12T13:26:05.304-0400][gc,heap      ] GC(0) Survivor regions: 0->7(7)
[2024-06-12T13:26:05.304-0400][gc,heap      ] GC(0) Old regions: 0->0
[2024-06-12T13:26:05.304-0400][gc,heap      ] GC(0) Humongous regions: 0->0
[2024-06-12T13:26:05.304-0400][gc,metaspace ] GC(0) Metaspace: 20765K(21296K)->20765K(21296K) NonClass: 18336K(18688K)->18336K(18688K) Class: 2428K(2608K)->2428K(2608K)
[2024-06-12T13:26:05.304-0400][gc           ] GC(0) Pause Young (Concurrent Start) (Metadata GC Threshold) 41M->6M(1024M) 12.986ms
[2024-06-12T13:26:05.304-0400][gc,cpu       ] GC(0) User=0.02s Sys=0.00s Real=0.01s
[2024-06-12T13:26:05.304-0400][gc           ] GC(1) Concurrent Cycle
[2024-06-12T13:26:05.304-0400][gc,marking   ] GC(1) Concurrent Clear Claimed Marks
[2024-06-12T13:26:05.304-0400][gc,marking   ] GC(1) Concurrent Clear Claimed Marks 0.044ms
[2024-06-12T13:26:05.304-0400][gc,marking   ] GC(1) Concurrent Scan Root Regions
[2024-06-12T13:26:05.309-0400][gc,marking   ] GC(1) Concurrent Scan Root Regions 4.385ms
[2024-06-12T13:26:05.309-0400][gc,marking   ] GC(1) Concurrent Mark (2.481s)
[2024-06-12T13:26:05.309-0400][gc,marking   ] GC(1) Concurrent Mark From Roots
[2024-06-12T13:26:05.309-0400][gc,task      ] GC(1) Using 1 workers of 1 for marking
[2024-06-12T13:26:05.309-0400][gc,marking   ] GC(1) Concurrent Mark From Roots 0.456ms
[2024-06-12T13:26:05.309-0400][gc,marking   ] GC(1) Concurrent Preclean
[2024-06-12T13:26:05.309-0400][gc,marking   ] GC(1) Concurrent Preclean 0.045ms
[2024-06-12T13:26:05.309-0400][gc,marking   ] GC(1) Concurrent Mark (2.481s, 2.481s) 0.615ms
[2024-06-12T13:26:05.309-0400][gc,start     ] GC(1) Pause Remark
[2024-06-12T13:26:05.312-0400][gc,stringtable] GC(1) Cleaned string and symbol table, strings: 7707 processed, 0 removed, symbols: 64246 processed, 38 removed
[2024-06-12T13:26:05.312-0400][gc            ] GC(1) Pause Remark 7M->7M(1024M) 2.436ms
[2024-06-12T13:26:05.312-0400][gc,cpu        ] GC(1) User=0.01s Sys=0.00s Real=0.01s
[2024-06-12T13:26:05.312-0400][gc,marking    ] GC(1) Concurrent Rebuild Remembered Sets
[2024-06-12T13:26:05.312-0400][gc,marking    ] GC(1) Concurrent Rebuild Remembered Sets 0.114ms
[2024-06-12T13:26:05.312-0400][gc,start      ] GC(1) Pause Cleanup
[2024-06-12T13:26:05.312-0400][gc            ] GC(1) Pause Cleanup 7M->7M(1024M) 0.184ms
[2024-06-12T13:26:05.313-0400][gc,cpu        ] GC(1) User=0.00s Sys=0.00s Real=0.00s
[2024-06-12T13:26:05.313-0400][gc,marking    ] GC(1) Concurrent Cleanup for Next Mark
[2024-06-12T13:26:05.324-0400][gc,marking    ] GC(1) Concurrent Cleanup for Next Mark 11.149ms
[2024-06-12T13:26:05.324-0400][gc            ] GC(1) Concurrent Cycle 19.962ms
[2024-06-12T13:26:05.405-0400][gc,heap,exit  ] Heap
[2024-06-12T13:26:05.406-0400][gc,heap,exit  ]  garbage-first heap   total 1048576K, used 10150K [0x00000007c0000000, 0x0000000800000000)
[2024-06-12T13:26:05.406-0400][gc,heap,exit  ]   region size 1024K, 11 young (11264K), 7 survivors (7168K)
[2024-06-12T13:26:05.406-0400][gc,heap,exit  ]  Metaspace       used 21220K, capacity 21667K, committed 21936K, reserved 1069056K
[2024-06-12T13:26:05.406-0400][gc,heap,exit  ]   class space    used 2554K, capacity 2728K, committed 2736K, reserved 1048576K
