[2024-06-12T18:00:36.893-0400][gc,heap] Heap region size: 1M
[2024-06-12T18:00:36.903-0400][gc     ] Using G1
[2024-06-12T18:00:36.903-0400][gc,heap,coops] Heap address: 0x00000007c0000000, size: 1024 MB, Compressed Oops mode: Zero based, Oop shift amount: 3
[2024-06-12T18:00:39.702-0400][gc,start     ] GC(0) Pause Young (Concurrent Start) (Metadata GC Threshold)
[2024-06-12T18:00:39.702-0400][gc,task      ] GC(0) Using 4 workers of 4 for evacuation
[2024-06-12T18:00:39.716-0400][gc,phases    ] GC(0)   Pre Evacuate Collection Set: 0.0ms
[2024-06-12T18:00:39.716-0400][gc,phases    ] GC(0)   Evacuate Collection Set: 13.0ms
[2024-06-12T18:00:39.716-0400][gc,phases    ] GC(0)   Post Evacuate Collection Set: 0.6ms
[2024-06-12T18:00:39.716-0400][gc,phases    ] GC(0)   Other: 0.6ms
[2024-06-12T18:00:39.716-0400][gc,heap      ] GC(0) Eden regions: 40->0(44)
[2024-06-12T18:00:39.716-0400][gc,heap      ] GC(0) Survivor regions: 0->7(7)
[2024-06-12T18:00:39.716-0400][gc,heap      ] GC(0) Old regions: 0->0
[2024-06-12T18:00:39.716-0400][gc,heap      ] GC(0) Humongous regions: 0->0
[2024-06-12T18:00:39.716-0400][gc,metaspace ] GC(0) Metaspace: 20752K(21296K)->20752K(21296K) NonClass: 18315K(18688K)->18315K(18688K) Class: 2437K(2608K)->2437K(2608K)
[2024-06-12T18:00:39.716-0400][gc           ] GC(0) Pause Young (Concurrent Start) (Metadata GC Threshold) 40M->6M(1024M) 14.587ms
[2024-06-12T18:00:39.716-0400][gc,cpu       ] GC(0) User=0.02s Sys=0.01s Real=0.01s
[2024-06-12T18:00:39.716-0400][gc           ] GC(1) Concurrent Cycle
[2024-06-12T18:00:39.716-0400][gc,marking   ] GC(1) Concurrent Clear Claimed Marks
[2024-06-12T18:00:39.716-0400][gc,marking   ] GC(1) Concurrent Clear Claimed Marks 0.049ms
[2024-06-12T18:00:39.716-0400][gc,marking   ] GC(1) Concurrent Scan Root Regions
[2024-06-12T18:00:39.721-0400][gc,marking   ] GC(1) Concurrent Scan Root Regions 4.408ms
[2024-06-12T18:00:39.721-0400][gc,marking   ] GC(1) Concurrent Mark (2.847s)
[2024-06-12T18:00:39.721-0400][gc,marking   ] GC(1) Concurrent Mark From Roots
[2024-06-12T18:00:39.721-0400][gc,task      ] GC(1) Using 1 workers of 1 for marking
[2024-06-12T18:00:39.721-0400][gc,marking   ] GC(1) Concurrent Mark From Roots 0.324ms
[2024-06-12T18:00:39.721-0400][gc,marking   ] GC(1) Concurrent Preclean
[2024-06-12T18:00:39.721-0400][gc,marking   ] GC(1) Concurrent Preclean 0.042ms
[2024-06-12T18:00:39.721-0400][gc,marking   ] GC(1) Concurrent Mark (2.847s, 2.847s) 0.456ms
[2024-06-12T18:00:39.722-0400][gc,start     ] GC(1) Pause Remark
[2024-06-12T18:00:39.725-0400][gc,stringtable] GC(1) Cleaned string and symbol table, strings: 7686 processed, 0 removed, symbols: 64242 processed, 38 removed
[2024-06-12T18:00:39.725-0400][gc            ] GC(1) Pause Remark 7M->7M(1024M) 2.827ms
[2024-06-12T18:00:39.725-0400][gc,cpu        ] GC(1) User=0.00s Sys=0.00s Real=0.00s
[2024-06-12T18:00:39.725-0400][gc,marking    ] GC(1) Concurrent Rebuild Remembered Sets
[2024-06-12T18:00:39.726-0400][gc,marking    ] GC(1) Concurrent Rebuild Remembered Sets 0.751ms
[2024-06-12T18:00:39.726-0400][gc,start      ] GC(1) Pause Cleanup
[2024-06-12T18:00:39.726-0400][gc            ] GC(1) Pause Cleanup 7M->7M(1024M) 0.151ms
[2024-06-12T18:00:39.726-0400][gc,cpu        ] GC(1) User=0.00s Sys=0.00s Real=0.00s
[2024-06-12T18:00:39.726-0400][gc,marking    ] GC(1) Concurrent Cleanup for Next Mark
[2024-06-12T18:00:39.737-0400][gc,marking    ] GC(1) Concurrent Cleanup for Next Mark 11.325ms
[2024-06-12T18:00:39.738-0400][gc            ] GC(1) Concurrent Cycle 21.184ms
[2024-06-12T18:00:42.014-0400][gc,start      ] GC(2) Pause Young (Normal) (G1 Evacuation Pause)
[2024-06-12T18:00:42.014-0400][gc,task       ] GC(2) Using 4 workers of 4 for evacuation
[2024-06-12T18:00:42.028-0400][gc,phases     ] GC(2)   Pre Evacuate Collection Set: 0.0ms
[2024-06-12T18:00:42.028-0400][gc,phases     ] GC(2)   Evacuate Collection Set: 13.7ms
[2024-06-12T18:00:42.028-0400][gc,phases     ] GC(2)   Post Evacuate Collection Set: 0.5ms
[2024-06-12T18:00:42.028-0400][gc,phases     ] GC(2)   Other: 0.2ms
[2024-06-12T18:00:42.028-0400][gc,heap       ] GC(2) Eden regions: 44->0(48)
[2024-06-12T18:00:42.028-0400][gc,heap       ] GC(2) Survivor regions: 7->3(7)
[2024-06-12T18:00:42.028-0400][gc,heap       ] GC(2) Old regions: 0->7
[2024-06-12T18:00:42.028-0400][gc,heap       ] GC(2) Humongous regions: 129->129
[2024-06-12T18:00:42.028-0400][gc,metaspace  ] GC(2) Metaspace: 30898K(31868K)->30898K(31868K) NonClass: 27049K(27648K)->27049K(27648K) Class: 3849K(4220K)->3849K(4220K)
[2024-06-12T18:00:42.028-0400][gc            ] GC(2) Pause Young (Normal) (G1 Evacuation Pause) 179M->137M(1024M) 14.576ms
[2024-06-12T18:00:42.028-0400][gc,cpu        ] GC(2) User=0.03s Sys=0.01s Real=0.01s
[2024-06-12T18:00:42.836-0400][gc,start      ] GC(3) Pause Young (Concurrent Start) (Metadata GC Threshold)
[2024-06-12T18:00:42.837-0400][gc,task       ] GC(3) Using 4 workers of 4 for evacuation
[2024-06-12T18:00:42.854-0400][gc,phases     ] GC(3)   Pre Evacuate Collection Set: 0.1ms
[2024-06-12T18:00:42.854-0400][gc,phases     ] GC(3)   Evacuate Collection Set: 16.6ms
[2024-06-12T18:00:42.854-0400][gc,phases     ] GC(3)   Post Evacuate Collection Set: 0.4ms
[2024-06-12T18:00:42.854-0400][gc,phases     ] GC(3)   Other: 0.3ms
[2024-06-12T18:00:42.854-0400][gc,heap       ] GC(3) Eden regions: 24->0(47)
[2024-06-12T18:00:42.854-0400][gc,heap       ] GC(3) Survivor regions: 3->4(7)
[2024-06-12T18:00:42.854-0400][gc,heap       ] GC(3) Old regions: 7->7
[2024-06-12T18:00:42.854-0400][gc,heap       ] GC(3) Humongous regions: 129->129
[2024-06-12T18:00:42.854-0400][gc,metaspace  ] GC(3) Metaspace: 35101K(36048K)->35101K(36048K) NonClass: 30881K(31444K)->30881K(31444K) Class: 4219K(4604K)->4219K(4604K)
[2024-06-12T18:00:42.854-0400][gc            ] GC(3) Pause Young (Concurrent Start) (Metadata GC Threshold) 161M->139M(1024M) 17.569ms
[2024-06-12T18:00:42.854-0400][gc,cpu        ] GC(3) User=0.03s Sys=0.00s Real=0.02s
[2024-06-12T18:00:42.854-0400][gc            ] GC(4) Concurrent Cycle
[2024-06-12T18:00:42.854-0400][gc,marking    ] GC(4) Concurrent Clear Claimed Marks
[2024-06-12T18:00:42.854-0400][gc,marking    ] GC(4) Concurrent Clear Claimed Marks 0.093ms
[2024-06-12T18:00:42.854-0400][gc,marking    ] GC(4) Concurrent Scan Root Regions
[2024-06-12T18:00:42.862-0400][gc,marking    ] GC(4) Concurrent Scan Root Regions 7.491ms
[2024-06-12T18:00:42.862-0400][gc,marking    ] GC(4) Concurrent Mark (5.988s)
[2024-06-12T18:00:42.862-0400][gc,marking    ] GC(4) Concurrent Mark From Roots
[2024-06-12T18:00:42.862-0400][gc,task       ] GC(4) Using 1 workers of 1 for marking
[2024-06-12T18:00:42.883-0400][gc,marking    ] GC(4) Concurrent Mark From Roots 21.297ms
[2024-06-12T18:00:42.883-0400][gc,marking    ] GC(4) Concurrent Preclean
[2024-06-12T18:00:42.884-0400][gc,marking    ] GC(4) Concurrent Preclean 0.104ms
[2024-06-12T18:00:42.884-0400][gc,marking    ] GC(4) Concurrent Mark (5.988s, 6.010s) 21.542ms
[2024-06-12T18:00:42.886-0400][gc,start      ] GC(4) Pause Remark
[2024-06-12T18:00:42.894-0400][gc,stringtable] GC(4) Cleaned string and symbol table, strings: 12353 processed, 9 removed, symbols: 95520 processed, 31 removed
[2024-06-12T18:00:42.894-0400][gc            ] GC(4) Pause Remark 140M->140M(1024M) 8.390ms
[2024-06-12T18:00:42.894-0400][gc,cpu        ] GC(4) User=0.02s Sys=0.00s Real=0.01s
[2024-06-12T18:00:42.897-0400][gc,marking    ] GC(4) Concurrent Rebuild Remembered Sets
[2024-06-12T18:00:42.909-0400][gc,marking    ] GC(4) Concurrent Rebuild Remembered Sets 12.371ms
[2024-06-12T18:00:42.910-0400][gc,start      ] GC(4) Pause Cleanup
[2024-06-12T18:00:42.910-0400][gc            ] GC(4) Pause Cleanup 140M->140M(1024M) 0.755ms
[2024-06-12T18:00:42.910-0400][gc,cpu        ] GC(4) User=0.00s Sys=0.00s Real=0.00s
[2024-06-12T18:00:42.910-0400][gc,marking    ] GC(4) Concurrent Cleanup for Next Mark
[2024-06-12T18:00:42.934-0400][gc,marking    ] GC(4) Concurrent Cleanup for Next Mark 23.068ms
[2024-06-12T18:00:42.934-0400][gc            ] GC(4) Concurrent Cycle 79.554ms
[2024-06-12T18:03:52.471-0400][gc,start      ] GC(5) Pause Young (Normal) (G1 Evacuation Pause)
[2024-06-12T18:03:52.471-0400][gc,task       ] GC(5) Using 4 workers of 4 for evacuation
[2024-06-12T18:03:52.492-0400][gc,mmu        ] GC(5) MMU target violated: 20.7ms (20.0ms/21.0ms)
[2024-06-12T18:03:52.492-0400][gc,phases     ] GC(5)   Pre Evacuate Collection Set: 0.0ms
[2024-06-12T18:03:52.492-0400][gc,phases     ] GC(5)   Evacuate Collection Set: 19.9ms
[2024-06-12T18:03:52.492-0400][gc,phases     ] GC(5)   Post Evacuate Collection Set: 0.7ms
[2024-06-12T18:03:52.492-0400][gc,phases     ] GC(5)   Other: 0.6ms
[2024-06-12T18:03:52.492-0400][gc,heap       ] GC(5) Eden regions: 47->0(46)
[2024-06-12T18:03:52.492-0400][gc,heap       ] GC(5) Survivor regions: 4->5(7)
[2024-06-12T18:03:52.492-0400][gc,heap       ] GC(5) Old regions: 7->9
[2024-06-12T18:03:52.492-0400][gc,heap       ] GC(5) Humongous regions: 129->129
[2024-06-12T18:03:52.492-0400][gc,metaspace  ] GC(5) Metaspace: 44777K(46748K)->44777K(46748K) NonClass: 39112K(40148K)->39112K(40148K) Class: 5664K(6600K)->5664K(6600K)
[2024-06-12T18:03:52.492-0400][gc            ] GC(5) Pause Young (Normal) (G1 Evacuation Pause) 186M->142M(1024M) 21.394ms
[2024-06-12T18:03:52.492-0400][gc,cpu        ] GC(5) User=0.04s Sys=0.00s Real=0.02s
[2024-06-12T18:23:27.681-0400][gc,start      ] GC(6) Pause Young (Normal) (G1 Evacuation Pause)
[2024-06-12T18:23:27.692-0400][gc,task       ] GC(6) Using 4 workers of 4 for evacuation
[2024-06-12T18:23:28.051-0400][gc,mmu        ] GC(6) MMU target violated: 21.0ms (20.0ms/21.0ms)
[2024-06-12T18:23:28.051-0400][gc,phases     ] GC(6)   Pre Evacuate Collection Set: 11.8ms
[2024-06-12T18:23:28.051-0400][gc,phases     ] GC(6)   Evacuate Collection Set: 326.7ms
[2024-06-12T18:23:28.051-0400][gc,phases     ] GC(6)   Post Evacuate Collection Set: 4.2ms
[2024-06-12T18:23:28.051-0400][gc,phases     ] GC(6)   Other: 28.5ms
[2024-06-12T18:23:28.051-0400][gc,heap       ] GC(6) Eden regions: 46->0(46)
[2024-06-12T18:23:28.051-0400][gc,heap       ] GC(6) Survivor regions: 5->5(7)
[2024-06-12T18:23:28.051-0400][gc,heap       ] GC(6) Old regions: 9->11
[2024-06-12T18:23:28.051-0400][gc,heap       ] GC(6) Humongous regions: 129->129
[2024-06-12T18:23:28.051-0400][gc,metaspace  ] GC(6) Metaspace: 48908K(51356K)->48908K(51356K) NonClass: 42676K(43988K)->42676K(43988K) Class: 6232K(7368K)->6232K(7368K)
[2024-06-12T18:23:28.053-0400][gc            ] GC(6) Pause Young (Normal) (G1 Evacuation Pause) 188M->144M(1024M) 371.084ms
[2024-06-12T18:23:28.053-0400][gc,cpu        ] GC(6) User=0.27s Sys=0.18s Real=0.37s
[2024-06-12T18:57:42.099-0400][gc,start      ] GC(7) Pause Young (Normal) (G1 Evacuation Pause)
[2024-06-12T18:57:42.103-0400][gc,task       ] GC(7) Using 4 workers of 4 for evacuation
[2024-06-12T18:57:42.583-0400][gc,mmu        ] GC(7) MMU target violated: 21.0ms (20.0ms/21.0ms)
[2024-06-12T18:57:42.584-0400][gc,phases     ] GC(7)   Pre Evacuate Collection Set: 9.5ms
[2024-06-12T18:57:42.584-0400][gc,phases     ] GC(7)   Evacuate Collection Set: 445.2ms
[2024-06-12T18:57:42.584-0400][gc,phases     ] GC(7)   Post Evacuate Collection Set: 14.4ms
[2024-06-12T18:57:42.584-0400][gc,phases     ] GC(7)   Other: 20.0ms
[2024-06-12T18:57:42.585-0400][gc,heap       ] GC(7) Eden regions: 46->0(49)
[2024-06-12T18:57:42.585-0400][gc,heap       ] GC(7) Survivor regions: 5->2(7)
[2024-06-12T18:57:42.585-0400][gc,heap       ] GC(7) Old regions: 11->14
[2024-06-12T18:57:42.585-0400][gc,heap       ] GC(7) Humongous regions: 129->129
[2024-06-12T18:57:42.585-0400][gc,metaspace  ] GC(7) Metaspace: 49331K(51996K)->49331K(51996K) NonClass: 43029K(44500K)->43029K(44500K) Class: 6301K(7496K)->6301K(7496K)
[2024-06-12T18:57:42.586-0400][gc            ] GC(7) Pause Young (Normal) (G1 Evacuation Pause) 190M->144M(1024M) 487.222ms
[2024-06-12T18:57:42.586-0400][gc,cpu        ] GC(7) User=0.04s Sys=0.24s Real=0.49s
[2024-06-12T19:38:26.459-0400][gc,start      ] GC(8) Pause Young (Normal) (G1 Evacuation Pause)
[2024-06-12T19:38:26.461-0400][gc,task       ] GC(8) Using 4 workers of 4 for evacuation
[2024-06-12T19:38:27.145-0400][gc,mmu        ] GC(8) MMU target violated: 21.0ms (20.0ms/21.0ms)
[2024-06-12T19:38:27.146-0400][gc,phases     ] GC(8)   Pre Evacuate Collection Set: 23.5ms
[2024-06-12T19:38:27.146-0400][gc,phases     ] GC(8)   Evacuate Collection Set: 624.5ms
[2024-06-12T19:38:27.146-0400][gc,phases     ] GC(8)   Post Evacuate Collection Set: 8.7ms
[2024-06-12T19:38:27.146-0400][gc,phases     ] GC(8)   Other: 32.9ms
[2024-06-12T19:38:27.146-0400][gc,heap       ] GC(8) Eden regions: 49->0(49)
[2024-06-12T19:38:27.146-0400][gc,heap       ] GC(8) Survivor regions: 2->2(7)
[2024-06-12T19:38:27.146-0400][gc,heap       ] GC(8) Old regions: 14->14
[2024-06-12T19:38:27.146-0400][gc,heap       ] GC(8) Humongous regions: 129->129
[2024-06-12T19:38:27.147-0400][gc,metaspace  ] GC(8) Metaspace: 49512K(51996K)->49512K(51996K) NonClass: 43194K(44500K)->43194K(44500K) Class: 6317K(7496K)->6317K(7496K)
[2024-06-12T19:38:27.148-0400][gc            ] GC(8) Pause Young (Normal) (G1 Evacuation Pause) 193M->144M(1024M) 688.925ms
[2024-06-12T19:38:27.148-0400][gc,cpu        ] GC(8) User=0.03s Sys=0.25s Real=0.69s
[2024-06-12T19:53:46.920-0400][gc,start      ] GC(9) Pause Young (Normal) (G1 Evacuation Pause)
[2024-06-12T19:53:46.921-0400][gc,task       ] GC(9) Using 4 workers of 4 for evacuation
[2024-06-12T19:53:47.125-0400][gc,mmu        ] GC(9) MMU target violated: 21.0ms (20.0ms/21.0ms)
[2024-06-12T19:53:47.125-0400][gc,phases     ] GC(9)   Pre Evacuate Collection Set: 4.7ms
[2024-06-12T19:53:47.125-0400][gc,phases     ] GC(9)   Evacuate Collection Set: 189.2ms
[2024-06-12T19:53:47.126-0400][gc,phases     ] GC(9)   Post Evacuate Collection Set: 9.0ms
[2024-06-12T19:53:47.126-0400][gc,phases     ] GC(9)   Other: 2.8ms
[2024-06-12T19:53:47.126-0400][gc,heap       ] GC(9) Eden regions: 49->0(48)
[2024-06-12T19:53:47.126-0400][gc,heap       ] GC(9) Survivor regions: 2->3(7)
[2024-06-12T19:53:47.126-0400][gc,heap       ] GC(9) Old regions: 14->14
[2024-06-12T19:53:47.127-0400][gc,heap       ] GC(9) Humongous regions: 129->129
[2024-06-12T19:53:47.127-0400][gc,metaspace  ] GC(9) Metaspace: 49937K(52508K)->49937K(52508K) NonClass: 43613K(45012K)->43613K(45012K) Class: 6323K(7496K)->6323K(7496K)
[2024-06-12T19:53:47.127-0400][gc            ] GC(9) Pause Young (Normal) (G1 Evacuation Pause) 193M->145M(1024M) 206.138ms
[2024-06-12T19:53:47.127-0400][gc,cpu        ] GC(9) User=0.03s Sys=0.19s Real=0.20s
[2024-06-12T20:16:31.609-0400][gc,start      ] GC(10) Pause Young (Normal) (G1 Evacuation Pause)
[2024-06-12T20:16:31.610-0400][gc,task       ] GC(10) Using 4 workers of 4 for evacuation
[2024-06-12T20:16:31.846-0400][gc,mmu        ] GC(10) MMU target violated: 21.0ms (20.0ms/21.0ms)
[2024-06-12T20:16:31.846-0400][gc,phases     ] GC(10)   Pre Evacuate Collection Set: 3.0ms
[2024-06-12T20:16:31.846-0400][gc,phases     ] GC(10)   Evacuate Collection Set: 210.5ms
[2024-06-12T20:16:31.846-0400][gc,phases     ] GC(10)   Post Evacuate Collection Set: 19.8ms
[2024-06-12T20:16:31.847-0400][gc,phases     ] GC(10)   Other: 4.8ms
[2024-06-12T20:16:31.847-0400][gc,heap       ] GC(10) Eden regions: 48->0(48)
[2024-06-12T20:16:31.847-0400][gc,heap       ] GC(10) Survivor regions: 3->3(7)
[2024-06-12T20:16:31.847-0400][gc,heap       ] GC(10) Old regions: 14->14
[2024-06-12T20:16:31.847-0400][gc,heap       ] GC(10) Humongous regions: 129->129
[2024-06-12T20:16:31.847-0400][gc,metaspace  ] GC(10) Metaspace: 49955K(52508K)->49955K(52508K) NonClass: 43631K(45012K)->43631K(45012K) Class: 6323K(7496K)->6323K(7496K)
[2024-06-12T20:16:31.847-0400][gc            ] GC(10) Pause Young (Normal) (G1 Evacuation Pause) 193M->145M(1024M) 238.110ms
[2024-06-12T20:16:31.847-0400][gc,cpu        ] GC(10) User=0.04s Sys=0.17s Real=0.24s
[2024-06-13T02:04:25.541-0400][gc,start      ] GC(11) Pause Young (Normal) (G1 Evacuation Pause)
[2024-06-13T02:04:25.544-0400][gc,task       ] GC(11) Using 4 workers of 4 for evacuation
[2024-06-13T02:04:25.843-0400][gc,mmu        ] GC(11) MMU target violated: 21.0ms (20.0ms/21.0ms)
[2024-06-13T02:04:25.847-0400][gc,phases     ] GC(11)   Pre Evacuate Collection Set: 14.7ms
[2024-06-13T02:04:25.847-0400][gc,phases     ] GC(11)   Evacuate Collection Set: 261.8ms
[2024-06-13T02:04:25.847-0400][gc,phases     ] GC(11)   Post Evacuate Collection Set: 17.9ms
[2024-06-13T02:04:25.852-0400][gc,phases     ] GC(11)   Other: 16.8ms
[2024-06-13T02:04:25.853-0400][gc,heap       ] GC(11) Eden regions: 48->0(48)
[2024-06-13T02:04:25.853-0400][gc,heap       ] GC(11) Survivor regions: 3->3(7)
[2024-06-13T02:04:25.853-0400][gc,heap       ] GC(11) Old regions: 14->14
[2024-06-13T02:04:25.853-0400][gc,heap       ] GC(11) Humongous regions: 129->129
[2024-06-13T02:04:25.853-0400][gc,metaspace  ] GC(11) Metaspace: 50012K(52508K)->50012K(52508K) NonClass: 43688K(45012K)->43688K(45012K) Class: 6324K(7496K)->6324K(7496K)
[2024-06-13T02:04:25.856-0400][gc            ] GC(11) Pause Young (Normal) (G1 Evacuation Pause) 193M->145M(1024M) 315.965ms
[2024-06-13T02:04:25.856-0400][gc,cpu        ] GC(11) User=0.04s Sys=0.13s Real=0.31s
[2024-06-13T02:18:18.694-0400][gc,start      ] GC(12) Pause Young (Normal) (G1 Evacuation Pause)
[2024-06-13T02:18:18.697-0400][gc,task       ] GC(12) Using 4 workers of 4 for evacuation
[2024-06-13T02:18:19.175-0400][gc,mmu        ] GC(12) MMU target violated: 21.0ms (20.0ms/21.0ms)
[2024-06-13T02:18:19.176-0400][gc,phases     ] GC(12)   Pre Evacuate Collection Set: 8.6ms
[2024-06-13T02:18:19.176-0400][gc,phases     ] GC(12)   Evacuate Collection Set: 449.3ms
[2024-06-13T02:18:19.176-0400][gc,phases     ] GC(12)   Post Evacuate Collection Set: 4.9ms
[2024-06-13T02:18:19.176-0400][gc,phases     ] GC(12)   Other: 23.8ms
[2024-06-13T02:18:19.177-0400][gc,heap       ] GC(12) Eden regions: 48->0(47)
[2024-06-13T02:18:19.177-0400][gc,heap       ] GC(12) Survivor regions: 3->4(7)
[2024-06-13T02:18:19.177-0400][gc,heap       ] GC(12) Old regions: 14->14
[2024-06-13T02:18:19.177-0400][gc,heap       ] GC(12) Humongous regions: 129->129
[2024-06-13T02:18:19.177-0400][gc,metaspace  ] GC(12) Metaspace: 50045K(52764K)->50045K(52764K) NonClass: 43720K(45268K)->43720K(45268K) Class: 6324K(7496K)->6324K(7496K)
[2024-06-13T02:18:19.178-0400][gc            ] GC(12) Pause Young (Normal) (G1 Evacuation Pause) 193M->145M(1024M) 484.336ms
[2024-06-13T02:18:19.178-0400][gc,cpu        ] GC(12) User=0.06s Sys=0.38s Real=0.48s
[2024-06-13T02:32:05.829-0400][gc,start      ] GC(13) Pause Young (Normal) (G1 Evacuation Pause)
[2024-06-13T02:32:05.830-0400][gc,task       ] GC(13) Using 4 workers of 4 for evacuation
[2024-06-13T02:32:06.003-0400][gc,mmu        ] GC(13) MMU target violated: 21.0ms (20.0ms/21.0ms)
[2024-06-13T02:32:06.004-0400][gc,phases     ] GC(13)   Pre Evacuate Collection Set: 5.9ms
[2024-06-13T02:32:06.004-0400][gc,phases     ] GC(13)   Evacuate Collection Set: 151.7ms
[2024-06-13T02:32:06.004-0400][gc,phases     ] GC(13)   Post Evacuate Collection Set: 11.9ms
[2024-06-13T02:32:06.004-0400][gc,phases     ] GC(13)   Other: 6.1ms
[2024-06-13T02:32:06.004-0400][gc,heap       ] GC(13) Eden regions: 47->0(48)
[2024-06-13T02:32:06.004-0400][gc,heap       ] GC(13) Survivor regions: 4->3(7)
[2024-06-13T02:32:06.004-0400][gc,heap       ] GC(13) Old regions: 14->14
[2024-06-13T02:32:06.004-0400][gc,heap       ] GC(13) Humongous regions: 129->129
[2024-06-13T02:32:06.004-0400][gc,metaspace  ] GC(13) Metaspace: 50046K(52764K)->50046K(52764K) NonClass: 43721K(45268K)->43721K(45268K) Class: 6324K(7496K)->6324K(7496K)
[2024-06-13T02:32:06.004-0400][gc            ] GC(13) Pause Young (Normal) (G1 Evacuation Pause) 192M->145M(1024M) 174.540ms
[2024-06-13T02:32:06.004-0400][gc,cpu        ] GC(13) User=0.04s Sys=0.15s Real=0.18s
[2024-06-13T03:16:02.705-0400][gc,start      ] GC(14) Pause Young (Normal) (G1 Evacuation Pause)
[2024-06-13T03:16:02.706-0400][gc,task       ] GC(14) Using 4 workers of 4 for evacuation
[2024-06-13T03:16:02.912-0400][gc,mmu        ] GC(14) MMU target violated: 21.0ms (20.0ms/21.0ms)
[2024-06-13T03:16:02.912-0400][gc,phases     ] GC(14)   Pre Evacuate Collection Set: 3.6ms
[2024-06-13T03:16:02.912-0400][gc,phases     ] GC(14)   Evacuate Collection Set: 195.7ms
[2024-06-13T03:16:02.912-0400][gc,phases     ] GC(14)   Post Evacuate Collection Set: 4.2ms
[2024-06-13T03:16:02.912-0400][gc,phases     ] GC(14)   Other: 4.0ms
[2024-06-13T03:16:02.912-0400][gc,heap       ] GC(14) Eden regions: 48->0(48)
[2024-06-13T03:16:02.912-0400][gc,heap       ] GC(14) Survivor regions: 3->3(7)
[2024-06-13T03:16:02.912-0400][gc,heap       ] GC(14) Old regions: 14->14
[2024-06-13T03:16:02.912-0400][gc,heap       ] GC(14) Humongous regions: 129->129
[2024-06-13T03:16:02.912-0400][gc,metaspace  ] GC(14) Metaspace: 50049K(52764K)->50049K(52764K) NonClass: 43724K(45268K)->43724K(45268K) Class: 6324K(7496K)->6324K(7496K)
[2024-06-13T03:16:02.913-0400][gc            ] GC(14) Pause Young (Normal) (G1 Evacuation Pause) 193M->145M(1024M) 207.530ms
[2024-06-13T03:16:02.913-0400][gc,cpu        ] GC(14) User=0.02s Sys=0.17s Real=0.21s
[2024-06-13T10:48:42.137-0400][gc,start      ] GC(15) Pause Young (Normal) (G1 Evacuation Pause)
[2024-06-13T10:48:42.139-0400][gc,task       ] GC(15) Using 4 workers of 4 for evacuation
[2024-06-13T10:48:42.494-0400][gc,mmu        ] GC(15) MMU target violated: 21.0ms (20.0ms/21.0ms)
[2024-06-13T10:48:42.494-0400][gc,phases     ] GC(15)   Pre Evacuate Collection Set: 7.1ms
[2024-06-13T10:48:42.494-0400][gc,phases     ] GC(15)   Evacuate Collection Set: 322.1ms
[2024-06-13T10:48:42.495-0400][gc,phases     ] GC(15)   Post Evacuate Collection Set: 2.4ms
[2024-06-13T10:48:42.495-0400][gc,phases     ] GC(15)   Other: 30.0ms
[2024-06-13T10:48:42.495-0400][gc,heap       ] GC(15) Eden regions: 48->0(48)
[2024-06-13T10:48:42.495-0400][gc,heap       ] GC(15) Survivor regions: 3->3(7)
[2024-06-13T10:48:42.495-0400][gc,heap       ] GC(15) Old regions: 14->14
[2024-06-13T10:48:42.495-0400][gc,heap       ] GC(15) Humongous regions: 129->129
[2024-06-13T10:48:42.496-0400][gc,metaspace  ] GC(15) Metaspace: 50071K(52764K)->50071K(52764K) NonClass: 43746K(45268K)->43746K(45268K) Class: 6324K(7496K)->6324K(7496K)
[2024-06-13T10:48:42.496-0400][gc            ] GC(15) Pause Young (Normal) (G1 Evacuation Pause) 193M->144M(1024M) 359.360ms
[2024-06-13T10:48:42.496-0400][gc,cpu        ] GC(15) User=0.05s Sys=0.21s Real=0.36s
[2024-06-13T11:01:58.694-0400][gc,start      ] GC(16) Pause Young (Normal) (G1 Evacuation Pause)
[2024-06-13T11:01:58.697-0400][gc,task       ] GC(16) Using 4 workers of 4 for evacuation
[2024-06-13T11:01:59.012-0400][gc,mmu        ] GC(16) MMU target violated: 21.0ms (20.0ms/21.0ms)
[2024-06-13T11:01:59.012-0400][gc,phases     ] GC(16)   Pre Evacuate Collection Set: 8.9ms
[2024-06-13T11:01:59.012-0400][gc,phases     ] GC(16)   Evacuate Collection Set: 290.8ms
[2024-06-13T11:01:59.012-0400][gc,phases     ] GC(16)   Post Evacuate Collection Set: 11.0ms
[2024-06-13T11:01:59.012-0400][gc,phases     ] GC(16)   Other: 8.7ms
[2024-06-13T11:01:59.012-0400][gc,heap       ] GC(16) Eden regions: 48->0(48)
[2024-06-13T11:01:59.012-0400][gc,heap       ] GC(16) Survivor regions: 3->3(7)
[2024-06-13T11:01:59.012-0400][gc,heap       ] GC(16) Old regions: 14->14
[2024-06-13T11:01:59.012-0400][gc,heap       ] GC(16) Humongous regions: 129->129
[2024-06-13T11:01:59.012-0400][gc,metaspace  ] GC(16) Metaspace: 50080K(52764K)->50080K(52764K) NonClass: 43756K(45268K)->43756K(45268K) Class: 6324K(7496K)->6324K(7496K)
[2024-06-13T11:01:59.013-0400][gc            ] GC(16) Pause Young (Normal) (G1 Evacuation Pause) 192M->145M(1024M) 318.853ms
[2024-06-13T11:01:59.013-0400][gc,cpu        ] GC(16) User=0.03s Sys=0.19s Real=0.32s
[2024-06-13T11:16:08.629-0400][gc,start      ] GC(17) Pause Young (Normal) (G1 Evacuation Pause)
[2024-06-13T11:16:08.647-0400][gc,task       ] GC(17) Using 4 workers of 4 for evacuation
[2024-06-13T11:16:09.046-0400][gc,mmu        ] GC(17) MMU target violated: 21.0ms (20.0ms/21.0ms)
[2024-06-13T11:16:09.047-0400][gc,phases     ] GC(17)   Pre Evacuate Collection Set: 43.2ms
[2024-06-13T11:16:09.047-0400][gc,phases     ] GC(17)   Evacuate Collection Set: 263.1ms
[2024-06-13T11:16:09.047-0400][gc,phases     ] GC(17)   Post Evacuate Collection Set: 3.1ms
[2024-06-13T11:16:09.047-0400][gc,phases     ] GC(17)   Other: 175.7ms
[2024-06-13T11:16:09.047-0400][gc,heap       ] GC(17) Eden regions: 48->0(48)
[2024-06-13T11:16:09.047-0400][gc,heap       ] GC(17) Survivor regions: 3->3(7)
[2024-06-13T11:16:09.047-0400][gc,heap       ] GC(17) Old regions: 14->14
[2024-06-13T11:16:09.047-0400][gc,heap       ] GC(17) Humongous regions: 129->129
[2024-06-13T11:16:09.048-0400][gc,metaspace  ] GC(17) Metaspace: 50089K(52764K)->50089K(52764K) NonClass: 43765K(45268K)->43765K(45268K) Class: 6324K(7496K)->6324K(7496K)
[2024-06-13T11:16:09.048-0400][gc            ] GC(17) Pause Young (Normal) (G1 Evacuation Pause) 193M->145M(1024M) 422.653ms
[2024-06-13T11:16:09.048-0400][gc,cpu        ] GC(17) User=0.07s Sys=0.25s Real=0.43s
[2024-06-13T11:30:09.917-0400][gc,start      ] GC(18) Pause Young (Normal) (G1 Evacuation Pause)
[2024-06-13T11:30:09.918-0400][gc,task       ] GC(18) Using 4 workers of 4 for evacuation
[2024-06-13T11:30:10.201-0400][gc,mmu        ] GC(18) MMU target violated: 21.0ms (20.0ms/21.0ms)
[2024-06-13T11:30:10.201-0400][gc,phases     ] GC(18)   Pre Evacuate Collection Set: 4.4ms
[2024-06-13T11:30:10.201-0400][gc,phases     ] GC(18)   Evacuate Collection Set: 270.0ms
[2024-06-13T11:30:10.201-0400][gc,phases     ] GC(18)   Post Evacuate Collection Set: 0.7ms
[2024-06-13T11:30:10.201-0400][gc,phases     ] GC(18)   Other: 8.8ms
[2024-06-13T11:30:10.201-0400][gc,heap       ] GC(18) Eden regions: 48->0(48)
[2024-06-13T11:30:10.201-0400][gc,heap       ] GC(18) Survivor regions: 3->3(7)
[2024-06-13T11:30:10.201-0400][gc,heap       ] GC(18) Old regions: 14->14
[2024-06-13T11:30:10.201-0400][gc,heap       ] GC(18) Humongous regions: 129->129
[2024-06-13T11:30:10.201-0400][gc,metaspace  ] GC(18) Metaspace: 50092K(52764K)->50092K(52764K) NonClass: 43768K(45268K)->43768K(45268K) Class: 6324K(7496K)->6324K(7496K)
[2024-06-13T11:30:10.201-0400][gc            ] GC(18) Pause Young (Normal) (G1 Evacuation Pause) 193M->145M(1024M) 284.706ms
[2024-06-13T11:30:10.202-0400][gc,cpu        ] GC(18) User=0.38s Sys=0.17s Real=0.29s
[2024-06-13T13:16:10.686-0400][gc,start      ] GC(19) Pause Young (Normal) (G1 Evacuation Pause)
[2024-06-13T13:16:10.688-0400][gc,task       ] GC(19) Using 4 workers of 4 for evacuation
[2024-06-13T13:16:10.921-0400][gc,mmu        ] GC(19) MMU target violated: 21.0ms (20.0ms/21.0ms)
[2024-06-13T13:16:10.921-0400][gc,phases     ] GC(19)   Pre Evacuate Collection Set: 4.5ms
[2024-06-13T13:16:10.922-0400][gc,phases     ] GC(19)   Evacuate Collection Set: 209.2ms
[2024-06-13T13:16:10.922-0400][gc,phases     ] GC(19)   Post Evacuate Collection Set: 12.3ms
[2024-06-13T13:16:10.922-0400][gc,phases     ] GC(19)   Other: 14.5ms
[2024-06-13T13:16:10.922-0400][gc,heap       ] GC(19) Eden regions: 48->0(48)
[2024-06-13T13:16:10.922-0400][gc,heap       ] GC(19) Survivor regions: 3->3(7)
[2024-06-13T13:16:10.922-0400][gc,heap       ] GC(19) Old regions: 14->14
[2024-06-13T13:16:10.922-0400][gc,heap       ] GC(19) Humongous regions: 129->129
[2024-06-13T13:16:10.922-0400][gc,metaspace  ] GC(19) Metaspace: 50098K(52764K)->50098K(52764K) NonClass: 43773K(45268K)->43773K(45268K) Class: 6324K(7496K)->6324K(7496K)
[2024-06-13T13:16:10.923-0400][gc            ] GC(19) Pause Young (Normal) (G1 Evacuation Pause) 193M->145M(1024M) 236.771ms
[2024-06-13T13:16:10.923-0400][gc,cpu        ] GC(19) User=0.05s Sys=0.22s Real=0.24s
[2024-06-13T13:31:16.053-0400][gc,start      ] GC(20) Pause Young (Normal) (G1 Evacuation Pause)
[2024-06-13T13:31:16.054-0400][gc,task       ] GC(20) Using 4 workers of 4 for evacuation
[2024-06-13T13:31:18.511-0400][gc,mmu        ] GC(20) MMU target violated: 21.0ms (20.0ms/21.0ms)
[2024-06-13T13:31:18.511-0400][gc,phases     ] GC(20)   Pre Evacuate Collection Set: 2.8ms
[2024-06-13T13:31:18.511-0400][gc,phases     ] GC(20)   Evacuate Collection Set: 2448.4ms
[2024-06-13T13:31:18.511-0400][gc,phases     ] GC(20)   Post Evacuate Collection Set: 2.1ms
[2024-06-13T13:31:18.511-0400][gc,phases     ] GC(20)   Other: 6.9ms
[2024-06-13T13:31:18.512-0400][gc,heap       ] GC(20) Eden regions: 48->0(47)
[2024-06-13T13:31:18.512-0400][gc,heap       ] GC(20) Survivor regions: 3->4(7)
[2024-06-13T13:31:18.512-0400][gc,heap       ] GC(20) Old regions: 14->14
[2024-06-13T13:31:18.512-0400][gc,heap       ] GC(20) Humongous regions: 129->129
[2024-06-13T13:31:18.512-0400][gc,metaspace  ] GC(20) Metaspace: 50161K(52764K)->50161K(52764K) NonClass: 43833K(45268K)->43833K(45268K) Class: 6328K(7496K)->6328K(7496K)
[2024-06-13T13:31:18.513-0400][gc            ] GC(20) Pause Young (Normal) (G1 Evacuation Pause) 193M->145M(1024M) 2460.130ms
[2024-06-13T13:31:18.513-0400][gc,cpu        ] GC(20) User=0.05s Sys=0.19s Real=2.46s
