[2024-06-05T02:04:02.536-0400][gc,init] CardTable entry size: 512
[2024-06-05T02:04:02.537-0400][gc     ] Using G1
[2024-06-05T02:04:02.543-0400][gc,init] Version: 21.0.3 (release)
[2024-06-05T02:04:02.543-0400][gc,init] CPUs: 4 total, 4 available
[2024-06-05T02:04:02.543-0400][gc,init] Memory: 8192M
[2024-06-05T02:04:02.543-0400][gc,init] Large Page Support: Disabled
[2024-06-05T02:04:02.543-0400][gc,init] NUMA Support: Disabled
[2024-06-05T02:04:02.543-0400][gc,init] Compressed Oops: Enabled (Zero based)
[2024-06-05T02:04:02.543-0400][gc,init] Heap Region Size: 1M
[2024-06-05T02:04:02.543-0400][gc,init] Heap Min Capacity: 1G
[2024-06-05T02:04:02.543-0400][gc,init] Heap Initial Capacity: 1G
[2024-06-05T02:04:02.543-0400][gc,init] Heap Max Capacity: 1G
[2024-06-05T02:04:02.543-0400][gc,init] Pre-touch: Disabled
[2024-06-05T02:04:02.543-0400][gc,init] Parallel Workers: 4
[2024-06-05T02:04:02.543-0400][gc,init] Concurrent Workers: 1
[2024-06-05T02:04:02.543-0400][gc,init] Concurrent Refinement Workers: 4
[2024-06-05T02:04:02.543-0400][gc,init] Periodic GC: Disabled
[2024-06-05T02:04:02.552-0400][gc,metaspace] CDS archive(s) mapped at: [0x000000012b000000-0x000000012bca1000-0x000000012bca1000), size 13242368, SharedBaseAddress: 0x000000012b000000, ArchiveRelocationMode: 1.
[2024-06-05T02:04:02.552-0400][gc,metaspace] Compressed class space mapped at: 0x000000012c000000-0x000000016c000000, reserved size: 1073741824
[2024-06-05T02:04:02.552-0400][gc,metaspace] Narrow klass base: 0x000000012b000000, Narrow klass shift: 0, Narrow klass range: 0x100000000
[2024-06-05T02:04:04.626-0400][gc,start    ] GC(0) Pause Young (Normal) (G1 Evacuation Pause)
[2024-06-05T02:04:04.627-0400][gc,task     ] GC(0) Using 4 workers of 4 for evacuation
[2024-06-05T02:04:04.639-0400][gc,phases   ] GC(0)   Pre Evacuate Collection Set: 0.3ms
[2024-06-05T02:04:04.639-0400][gc,phases   ] GC(0)   Merge Heap Roots: 0.1ms
[2024-06-05T02:04:04.639-0400][gc,phases   ] GC(0)   Evacuate Collection Set: 10.1ms
[2024-06-05T02:04:04.639-0400][gc,phases   ] GC(0)   Post Evacuate Collection Set: 1.1ms
[2024-06-05T02:04:04.639-0400][gc,phases   ] GC(0)   Other: 0.7ms
[2024-06-05T02:04:04.639-0400][gc,heap     ] GC(0) Eden regions: 51->0(44)
[2024-06-05T02:04:04.639-0400][gc,heap     ] GC(0) Survivor regions: 0->7(7)
[2024-06-05T02:04:04.639-0400][gc,heap     ] GC(0) Old regions: 2->3
[2024-06-05T02:04:04.639-0400][gc,heap     ] GC(0) Humongous regions: 0->0
[2024-06-05T02:04:04.639-0400][gc,metaspace] GC(0) Metaspace: 19582K(19840K)->19582K(19840K) NonClass: 17094K(17216K)->17094K(17216K) Class: 2488K(2624K)->2488K(2624K)
[2024-06-05T02:04:04.639-0400][gc          ] GC(0) Pause Young (Normal) (G1 Evacuation Pause) 52M->8M(1024M) 13.455ms
[2024-06-05T02:04:04.640-0400][gc,cpu      ] GC(0) User=0.02s Sys=0.01s Real=0.02s
[2024-06-05T02:04:04.844-0400][gc,start    ] GC(1) Pause Young (Concurrent Start) (Metadata GC Threshold)
[2024-06-05T02:04:04.845-0400][gc,task     ] GC(1) Using 4 workers of 4 for evacuation
[2024-06-05T02:04:04.858-0400][gc,phases   ] GC(1)   Pre Evacuate Collection Set: 0.2ms
[2024-06-05T02:04:04.858-0400][gc,phases   ] GC(1)   Merge Heap Roots: 0.0ms
[2024-06-05T02:04:04.858-0400][gc,phases   ] GC(1)   Evacuate Collection Set: 12.7ms
[2024-06-05T02:04:04.858-0400][gc,phases   ] GC(1)   Post Evacuate Collection Set: 0.6ms
[2024-06-05T02:04:04.858-0400][gc,phases   ] GC(1)   Other: 0.1ms
[2024-06-05T02:04:04.858-0400][gc,heap     ] GC(1) Eden regions: 7->0(50)
[2024-06-05T02:04:04.859-0400][gc,heap     ] GC(1) Survivor regions: 7->1(7)
[2024-06-05T02:04:04.859-0400][gc,heap     ] GC(1) Old regions: 3->9
[2024-06-05T02:04:04.859-0400][gc,heap     ] GC(1) Humongous regions: 0->0
[2024-06-05T02:04:04.859-0400][gc,metaspace] GC(1) Metaspace: 21286K(21504K)->21286K(21504K) NonClass: 18525K(18624K)->18525K(18624K) Class: 2760K(2880K)->2760K(2880K)
[2024-06-05T02:04:04.859-0400][gc          ] GC(1) Pause Young (Concurrent Start) (Metadata GC Threshold) 14M->9M(1024M) 14.145ms
[2024-06-05T02:04:04.859-0400][gc          ] GC(2) Concurrent Mark Cycle
[2024-06-05T02:04:04.859-0400][gc,cpu      ] GC(1) User=0.03s Sys=0.00s Real=0.01s
[2024-06-05T02:04:04.859-0400][gc,marking  ] GC(2) Concurrent Scan Root Regions
[2024-06-05T02:04:04.865-0400][gc,marking  ] GC(2) Concurrent Scan Root Regions 5.780ms
[2024-06-05T02:04:04.865-0400][gc,marking  ] GC(2) Concurrent Mark
[2024-06-05T02:04:04.865-0400][gc,marking  ] GC(2) Concurrent Mark From Roots
[2024-06-05T02:04:04.865-0400][gc,task     ] GC(2) Using 1 workers of 1 for marking
[2024-06-05T02:04:04.868-0400][gc,marking  ] GC(2) Concurrent Mark From Roots 3.506ms
[2024-06-05T02:04:04.868-0400][gc,marking  ] GC(2) Concurrent Preclean
[2024-06-05T02:04:04.868-0400][gc,marking  ] GC(2) Concurrent Preclean 0.066ms
[2024-06-05T02:04:04.869-0400][gc,start    ] GC(2) Pause Remark
[2024-06-05T02:04:04.871-0400][gc          ] GC(2) Pause Remark 10M->10M(1024M) 2.303ms
[2024-06-05T02:04:04.871-0400][gc,cpu      ] GC(2) User=0.00s Sys=0.00s Real=0.01s
[2024-06-05T02:04:04.871-0400][gc,marking  ] GC(2) Concurrent Mark 6.218ms
[2024-06-05T02:04:04.871-0400][gc,marking  ] GC(2) Concurrent Rebuild Remembered Sets and Scrub Regions
[2024-06-05T02:04:04.876-0400][gc,marking  ] GC(2) Concurrent Rebuild Remembered Sets and Scrub Regions 4.756ms
[2024-06-05T02:04:04.876-0400][gc,start    ] GC(2) Pause Cleanup
[2024-06-05T02:04:04.876-0400][gc          ] GC(2) Pause Cleanup 10M->10M(1024M) 0.158ms
[2024-06-05T02:04:04.876-0400][gc,cpu      ] GC(2) User=0.00s Sys=0.00s Real=0.00s
[2024-06-05T02:04:04.876-0400][gc,marking  ] GC(2) Concurrent Clear Claimed Marks
[2024-06-05T02:04:04.876-0400][gc,marking  ] GC(2) Concurrent Clear Claimed Marks 0.042ms
[2024-06-05T02:04:04.876-0400][gc,marking  ] GC(2) Concurrent Cleanup for Next Mark
[2024-06-05T02:04:04.888-0400][gc,marking  ] GC(2) Concurrent Cleanup for Next Mark 12.049ms
[2024-06-05T02:04:04.888-0400][gc          ] GC(2) Concurrent Mark Cycle 29.513ms
[2024-06-05T02:04:06.326-0400][gc,start    ] GC(3) Pause Young (Prepare Mixed) (G1 Evacuation Pause)
[2024-06-05T02:04:06.327-0400][gc,task     ] GC(3) Using 4 workers of 4 for evacuation
[2024-06-05T02:04:06.334-0400][gc,phases   ] GC(3)   Pre Evacuate Collection Set: 0.1ms
[2024-06-05T02:04:06.334-0400][gc,phases   ] GC(3)   Merge Heap Roots: 0.0ms
[2024-06-05T02:04:06.334-0400][gc,phases   ] GC(3)   Evacuate Collection Set: 5.9ms
[2024-06-05T02:04:06.334-0400][gc,phases   ] GC(3)   Post Evacuate Collection Set: 0.8ms
[2024-06-05T02:04:06.334-0400][gc,phases   ] GC(3)   Other: 0.1ms
[2024-06-05T02:04:06.334-0400][gc,heap     ] GC(3) Eden regions: 50->0(45)
[2024-06-05T02:04:06.334-0400][gc,heap     ] GC(3) Survivor regions: 1->6(7)
[2024-06-05T02:04:06.334-0400][gc,heap     ] GC(3) Old regions: 9->9
[2024-06-05T02:04:06.334-0400][gc,heap     ] GC(3) Humongous regions: 129->129
[2024-06-05T02:04:06.334-0400][gc,metaspace] GC(3) Metaspace: 34085K(34432K)->34085K(34432K) NonClass: 29951K(30144K)->29951K(30144K) Class: 4133K(4288K)->4133K(4288K)
[2024-06-05T02:04:06.334-0400][gc          ] GC(3) Pause Young (Prepare Mixed) (G1 Evacuation Pause) 188M->142M(1024M) 7.294ms
[2024-06-05T02:04:06.334-0400][gc,cpu      ] GC(3) User=0.02s Sys=0.00s Real=0.01s
[2024-06-05T02:04:06.455-0400][gc,start    ] GC(4) Pause Young (Mixed) (Metadata GC Threshold)
[2024-06-05T02:04:06.455-0400][gc,task     ] GC(4) Using 4 workers of 4 for evacuation
[2024-06-05T02:04:06.466-0400][gc,phases   ] GC(4)   Pre Evacuate Collection Set: 0.2ms
[2024-06-05T02:04:06.466-0400][gc,phases   ] GC(4)   Merge Heap Roots: 0.0ms
[2024-06-05T02:04:06.466-0400][gc,phases   ] GC(4)   Evacuate Collection Set: 10.4ms
[2024-06-05T02:04:06.466-0400][gc,phases   ] GC(4)   Post Evacuate Collection Set: 0.6ms
[2024-06-05T02:04:06.466-0400][gc,phases   ] GC(4)   Other: 0.1ms
[2024-06-05T02:04:06.466-0400][gc,heap     ] GC(4) Eden regions: 8->0(50)
[2024-06-05T02:04:06.466-0400][gc,heap     ] GC(4) Survivor regions: 6->1(7)
[2024-06-05T02:04:06.466-0400][gc,heap     ] GC(4) Old regions: 9->14
[2024-06-05T02:04:06.466-0400][gc,heap     ] GC(4) Humongous regions: 129->129
[2024-06-05T02:04:06.466-0400][gc,metaspace] GC(4) Metaspace: 35590K(35968K)->35590K(35968K) NonClass: 31210K(31424K)->31210K(31424K) Class: 4380K(4544K)->4380K(4544K)
[2024-06-05T02:04:06.466-0400][gc          ] GC(4) Pause Young (Mixed) (Metadata GC Threshold) 150M->143M(1024M) 11.663ms
[2024-06-05T02:04:06.466-0400][gc,cpu      ] GC(4) User=0.03s Sys=0.00s Real=0.01s
[2024-06-05T02:04:06.493-0400][gc,start    ] GC(5) Pause Young (Concurrent Start) (Metadata GC Threshold)
[2024-06-05T02:04:06.496-0400][gc,task     ] GC(5) Using 4 workers of 4 for evacuation
[2024-06-05T02:04:06.499-0400][gc,phases   ] GC(5)   Pre Evacuate Collection Set: 0.2ms
[2024-06-05T02:04:06.499-0400][gc,phases   ] GC(5)   Merge Heap Roots: 0.1ms
[2024-06-05T02:04:06.499-0400][gc,phases   ] GC(5)   Evacuate Collection Set: 2.0ms
[2024-06-05T02:04:06.499-0400][gc,phases   ] GC(5)   Post Evacuate Collection Set: 0.5ms
[2024-06-05T02:04:06.499-0400][gc,phases   ] GC(5)   Other: 0.2ms
[2024-06-05T02:04:06.499-0400][gc,heap     ] GC(5) Eden regions: 2->0(50)
[2024-06-05T02:04:06.499-0400][gc,heap     ] GC(5) Survivor regions: 1->1(7)
[2024-06-05T02:04:06.499-0400][gc,heap     ] GC(5) Old regions: 14->14
[2024-06-05T02:04:06.499-0400][gc,heap     ] GC(5) Humongous regions: 129->129
[2024-06-05T02:04:06.499-0400][gc,metaspace] GC(5) Metaspace: 35896K(36288K)->35896K(36288K) NonClass: 31465K(31680K)->31465K(31680K) Class: 4430K(4608K)->4430K(4608K)
[2024-06-05T02:04:06.499-0400][gc          ] GC(5) Pause Young (Concurrent Start) (Metadata GC Threshold) 144M->143M(1024M) 5.884ms
[2024-06-05T02:04:06.499-0400][gc          ] GC(6) Concurrent Mark Cycle
[2024-06-05T02:04:06.499-0400][gc,cpu      ] GC(5) User=0.01s Sys=0.00s Real=0.00s
[2024-06-05T02:04:06.499-0400][gc,marking  ] GC(6) Concurrent Scan Root Regions
[2024-06-05T02:04:06.501-0400][gc,marking  ] GC(6) Concurrent Scan Root Regions 2.442ms
[2024-06-05T02:04:06.501-0400][gc,marking  ] GC(6) Concurrent Mark
[2024-06-05T02:04:06.501-0400][gc,marking  ] GC(6) Concurrent Mark From Roots
[2024-06-05T02:04:06.501-0400][gc,task     ] GC(6) Using 1 workers of 1 for marking
[2024-06-05T02:04:06.609-0400][gc,marking  ] GC(6) Concurrent Mark From Roots 107.873ms
[2024-06-05T02:04:06.609-0400][gc,marking  ] GC(6) Concurrent Preclean
[2024-06-05T02:04:06.610-0400][gc,marking  ] GC(6) Concurrent Preclean 0.092ms
[2024-06-05T02:04:06.610-0400][gc,start    ] GC(6) Pause Remark
[2024-06-05T02:04:06.613-0400][gc          ] GC(6) Pause Remark 149M->149M(1024M) 3.585ms
[2024-06-05T02:04:06.613-0400][gc,cpu      ] GC(6) User=0.00s Sys=0.00s Real=0.00s
[2024-06-05T02:04:06.624-0400][gc,marking  ] GC(6) Concurrent Mark 122.077ms
[2024-06-05T02:04:06.624-0400][gc,marking  ] GC(6) Concurrent Rebuild Remembered Sets and Scrub Regions
[2024-06-05T02:04:06.653-0400][gc,marking  ] GC(6) Concurrent Rebuild Remembered Sets and Scrub Regions 29.097ms
[2024-06-05T02:04:06.653-0400][gc,start    ] GC(6) Pause Cleanup
[2024-06-05T02:04:06.653-0400][gc          ] GC(6) Pause Cleanup 150M->150M(1024M) 0.315ms
[2024-06-05T02:04:06.653-0400][gc,cpu      ] GC(6) User=0.00s Sys=0.00s Real=0.00s
[2024-06-05T02:04:06.653-0400][gc,marking  ] GC(6) Concurrent Clear Claimed Marks
[2024-06-05T02:04:06.653-0400][gc,marking  ] GC(6) Concurrent Clear Claimed Marks 0.063ms
[2024-06-05T02:04:06.653-0400][gc,marking  ] GC(6) Concurrent Cleanup for Next Mark
[2024-06-05T02:04:06.662-0400][gc,marking  ] GC(6) Concurrent Cleanup for Next Mark 8.841ms
[2024-06-05T02:04:06.662-0400][gc          ] GC(6) Concurrent Mark Cycle 163.412ms
[2024-06-05T11:27:25.234-0400][gc,start    ] GC(7) Pause Young (Prepare Mixed) (G1 Evacuation Pause)
[2024-06-05T11:27:25.240-0400][gc,task     ] GC(7) Using 4 workers of 4 for evacuation
[2024-06-05T11:27:25.306-0400][gc,mmu      ] GC(7) MMU target violated: 21.0ms (20.0ms/21.0ms)
[2024-06-05T11:27:25.306-0400][gc,phases   ] GC(7)   Pre Evacuate Collection Set: 6.8ms
[2024-06-05T11:27:25.306-0400][gc,phases   ] GC(7)   Merge Heap Roots: 3.4ms
[2024-06-05T11:27:25.306-0400][gc,phases   ] GC(7)   Evacuate Collection Set: 51.8ms
[2024-06-05T11:27:25.306-0400][gc,phases   ] GC(7)   Post Evacuate Collection Set: 3.3ms
[2024-06-05T11:27:25.307-0400][gc,phases   ] GC(7)   Other: 2.0ms
[2024-06-05T11:27:25.307-0400][gc,heap     ] GC(7) Eden regions: 50->0(48)
[2024-06-05T11:27:25.307-0400][gc,heap     ] GC(7) Survivor regions: 1->3(7)
[2024-06-05T11:27:25.307-0400][gc,heap     ] GC(7) Old regions: 14->14
[2024-06-05T11:27:25.307-0400][gc,heap     ] GC(7) Humongous regions: 129->129
[2024-06-05T11:27:25.307-0400][gc,metaspace] GC(7) Metaspace: 39228K(39744K)->39228K(39744K) NonClass: 34409K(34688K)->34409K(34688K) Class: 4818K(5056K)->4818K(5056K)
[2024-06-05T11:27:25.307-0400][gc          ] GC(7) Pause Young (Prepare Mixed) (G1 Evacuation Pause) 193M->144M(1024M) 73.229ms
[2024-06-05T11:27:25.307-0400][gc,cpu      ] GC(7) User=0.03s Sys=0.11s Real=0.07s
[2024-06-05T13:19:58.219-0400][gc,start    ] GC(8) Pause Young (Mixed) (G1 Evacuation Pause)
[2024-06-05T13:19:58.221-0400][gc,task     ] GC(8) Using 4 workers of 4 for evacuation
[2024-06-05T13:19:58.303-0400][gc,mmu      ] GC(8) MMU target violated: 21.0ms (20.0ms/21.0ms)
[2024-06-05T13:19:58.304-0400][gc,phases   ] GC(8)   Pre Evacuate Collection Set: 4.8ms
[2024-06-05T13:19:58.304-0400][gc,phases   ] GC(8)   Merge Heap Roots: 0.2ms
[2024-06-05T13:19:58.304-0400][gc,phases   ] GC(8)   Evacuate Collection Set: 75.2ms
[2024-06-05T13:19:58.304-0400][gc,phases   ] GC(8)   Post Evacuate Collection Set: 1.8ms
[2024-06-05T13:19:58.304-0400][gc,phases   ] GC(8)   Other: 0.9ms
[2024-06-05T13:19:58.304-0400][gc,heap     ] GC(8) Eden regions: 48->0(48)
[2024-06-05T13:19:58.304-0400][gc,heap     ] GC(8) Survivor regions: 3->3(7)
[2024-06-05T13:19:58.304-0400][gc,heap     ] GC(8) Old regions: 14->14
[2024-06-05T13:19:58.304-0400][gc,heap     ] GC(8) Humongous regions: 129->129
[2024-06-05T13:19:58.304-0400][gc,metaspace] GC(8) Metaspace: 39414K(39936K)->39414K(39936K) NonClass: 34583K(34880K)->34583K(34880K) Class: 4830K(5056K)->4830K(5056K)
[2024-06-05T13:19:58.304-0400][gc          ] GC(8) Pause Young (Mixed) (G1 Evacuation Pause) 192M->144M(1024M) 84.751ms
[2024-06-05T13:19:58.304-0400][gc,cpu      ] GC(8) User=0.03s Sys=0.09s Real=0.09s
[2024-06-05T16:51:34.034-0400][gc,start    ] GC(9) Pause Young (Normal) (G1 Evacuation Pause)
[2024-06-05T16:51:34.041-0400][gc,task     ] GC(9) Using 4 workers of 4 for evacuation
[2024-06-05T16:51:34.489-0400][gc,mmu      ] GC(9) MMU target violated: 21.0ms (20.0ms/21.0ms)
[2024-06-05T16:51:34.489-0400][gc,phases   ] GC(9)   Pre Evacuate Collection Set: 26.4ms
[2024-06-05T16:51:34.489-0400][gc,phases   ] GC(9)   Merge Heap Roots: 3.9ms
[2024-06-05T16:51:34.489-0400][gc,phases   ] GC(9)   Evacuate Collection Set: 400.0ms
[2024-06-05T16:51:34.489-0400][gc,phases   ] GC(9)   Post Evacuate Collection Set: 15.6ms
[2024-06-05T16:51:34.490-0400][gc,phases   ] GC(9)   Other: 2.1ms
[2024-06-05T16:51:34.490-0400][gc,heap     ] GC(9) Eden regions: 48->0(48)
[2024-06-05T16:51:34.490-0400][gc,heap     ] GC(9) Survivor regions: 3->3(7)
[2024-06-05T16:51:34.490-0400][gc,heap     ] GC(9) Old regions: 14->14
[2024-06-05T16:51:34.490-0400][gc,heap     ] GC(9) Humongous regions: 129->129
[2024-06-05T16:51:34.490-0400][gc,metaspace] GC(9) Metaspace: 39809K(40384K)->39809K(40384K) NonClass: 34947K(35264K)->34947K(35264K) Class: 4862K(5120K)->4862K(5120K)
[2024-06-05T16:51:34.491-0400][gc          ] GC(9) Pause Young (Normal) (G1 Evacuation Pause) 192M->144M(1024M) 456.228ms
[2024-06-05T16:51:34.491-0400][gc,cpu      ] GC(9) User=0.14s Sys=0.51s Real=0.46s
[2024-06-05T18:48:49.963-0400][gc,start    ] GC(10) Pause Young (Normal) (G1 Evacuation Pause)
[2024-06-05T18:48:49.965-0400][gc,task     ] GC(10) Using 4 workers of 4 for evacuation
[2024-06-05T18:48:49.997-0400][gc,mmu      ] GC(10) MMU target violated: 21.0ms (20.0ms/21.0ms)
[2024-06-05T18:48:49.998-0400][gc,phases   ] GC(10)   Pre Evacuate Collection Set: 2.9ms
[2024-06-05T18:48:49.998-0400][gc,phases   ] GC(10)   Merge Heap Roots: 0.3ms
[2024-06-05T18:48:49.998-0400][gc,phases   ] GC(10)   Evacuate Collection Set: 25.8ms
[2024-06-05T18:48:49.998-0400][gc,phases   ] GC(10)   Post Evacuate Collection Set: 2.3ms
[2024-06-05T18:48:49.998-0400][gc,phases   ] GC(10)   Other: 1.3ms
[2024-06-05T18:48:49.998-0400][gc,heap     ] GC(10) Eden regions: 48->0(48)
[2024-06-05T18:48:49.998-0400][gc,heap     ] GC(10) Survivor regions: 3->3(7)
[2024-06-05T18:48:49.998-0400][gc,heap     ] GC(10) Old regions: 14->14
[2024-06-05T18:48:49.998-0400][gc,heap     ] GC(10) Humongous regions: 129->129
[2024-06-05T18:48:49.998-0400][gc,metaspace] GC(10) Metaspace: 39894K(40448K)->39894K(40448K) NonClass: 35031K(35328K)->35031K(35328K) Class: 4862K(5120K)->4862K(5120K)
[2024-06-05T18:48:49.998-0400][gc          ] GC(10) Pause Young (Normal) (G1 Evacuation Pause) 192M->144M(1024M) 35.024ms
[2024-06-05T18:48:49.998-0400][gc,cpu      ] GC(10) User=0.03s Sys=0.05s Real=0.03s
[2024-06-05T22:25:08.394-0400][gc,start    ] GC(11) Pause Young (Normal) (G1 Evacuation Pause)
[2024-06-05T22:25:08.395-0400][gc,task     ] GC(11) Using 4 workers of 4 for evacuation
[2024-06-05T22:25:08.425-0400][gc,mmu      ] GC(11) MMU target violated: 21.0ms (20.0ms/21.0ms)
[2024-06-05T22:25:08.425-0400][gc,phases   ] GC(11)   Pre Evacuate Collection Set: 4.2ms
[2024-06-05T22:25:08.425-0400][gc,phases   ] GC(11)   Merge Heap Roots: 0.9ms
[2024-06-05T22:25:08.425-0400][gc,phases   ] GC(11)   Evacuate Collection Set: 23.6ms
[2024-06-05T22:25:08.425-0400][gc,phases   ] GC(11)   Post Evacuate Collection Set: 0.9ms
[2024-06-05T22:25:08.425-0400][gc,phases   ] GC(11)   Other: 0.4ms
[2024-06-05T22:25:08.425-0400][gc,heap     ] GC(11) Eden regions: 48->0(49)
[2024-06-05T22:25:08.425-0400][gc,heap     ] GC(11) Survivor regions: 3->2(7)
[2024-06-05T22:25:08.425-0400][gc,heap     ] GC(11) Old regions: 14->14
[2024-06-05T22:25:08.425-0400][gc,heap     ] GC(11) Humongous regions: 129->129
[2024-06-05T22:25:08.425-0400][gc,metaspace] GC(11) Metaspace: 39949K(40512K)->39949K(40512K) NonClass: 35083K(35392K)->35083K(35392K) Class: 4865K(5120K)->4865K(5120K)
[2024-06-05T22:25:08.425-0400][gc          ] GC(11) Pause Young (Normal) (G1 Evacuation Pause) 192M->143M(1024M) 31.560ms
[2024-06-05T22:25:08.425-0400][gc,cpu      ] GC(11) User=0.02s Sys=0.05s Real=0.03s
[2024-06-05T23:08:16.202-0400][gc,start    ] GC(12) Pause Young (Normal) (G1 Evacuation Pause)
[2024-06-05T23:08:16.205-0400][gc,task     ] GC(12) Using 4 workers of 4 for evacuation
[2024-06-05T23:08:16.260-0400][gc,mmu      ] GC(12) MMU target violated: 21.0ms (20.0ms/21.0ms)
[2024-06-05T23:08:16.260-0400][gc,phases   ] GC(12)   Pre Evacuate Collection Set: 4.3ms
[2024-06-05T23:08:16.260-0400][gc,phases   ] GC(12)   Merge Heap Roots: 0.9ms
[2024-06-05T23:08:16.260-0400][gc,phases   ] GC(12)   Evacuate Collection Set: 47.8ms
[2024-06-05T23:08:16.260-0400][gc,phases   ] GC(12)   Post Evacuate Collection Set: 2.1ms
[2024-06-05T23:08:16.260-0400][gc,phases   ] GC(12)   Other: 0.5ms
[2024-06-05T23:08:16.260-0400][gc,heap     ] GC(12) Eden regions: 49->0(48)
[2024-06-05T23:08:16.260-0400][gc,heap     ] GC(12) Survivor regions: 2->3(7)
[2024-06-05T23:08:16.260-0400][gc,heap     ] GC(12) Old regions: 14->14
[2024-06-05T23:08:16.260-0400][gc,heap     ] GC(12) Humongous regions: 129->129
[2024-06-05T23:08:16.260-0400][gc,metaspace] GC(12) Metaspace: 39973K(40512K)->39973K(40512K) NonClass: 35106K(35392K)->35106K(35392K) Class: 4866K(5120K)->4866K(5120K)
[2024-06-05T23:08:16.260-0400][gc          ] GC(12) Pause Young (Normal) (G1 Evacuation Pause) 192M->144M(1024M) 58.324ms
[2024-06-05T23:08:16.261-0400][gc,cpu      ] GC(12) User=0.02s Sys=0.07s Real=0.06s
[2024-06-05T23:43:04.768-0400][gc,start    ] GC(13) Pause Young (Normal) (G1 Evacuation Pause)
[2024-06-05T23:43:04.769-0400][gc,task     ] GC(13) Using 4 workers of 4 for evacuation
[2024-06-05T23:43:04.884-0400][gc,mmu      ] GC(13) MMU target violated: 21.0ms (20.0ms/21.0ms)
[2024-06-05T23:43:04.884-0400][gc,phases   ] GC(13)   Pre Evacuate Collection Set: 7.7ms
[2024-06-05T23:43:04.884-0400][gc,phases   ] GC(13)   Merge Heap Roots: 0.8ms
[2024-06-05T23:43:04.884-0400][gc,phases   ] GC(13)   Evacuate Collection Set: 99.3ms
[2024-06-05T23:43:04.884-0400][gc,phases   ] GC(13)   Post Evacuate Collection Set: 3.7ms
[2024-06-05T23:43:04.884-0400][gc,phases   ] GC(13)   Other: 3.9ms
[2024-06-05T23:43:04.885-0400][gc,heap     ] GC(13) Eden regions: 48->0(48)
[2024-06-05T23:43:04.885-0400][gc,heap     ] GC(13) Survivor regions: 3->3(7)
[2024-06-05T23:43:04.885-0400][gc,heap     ] GC(13) Old regions: 14->14
[2024-06-05T23:43:04.885-0400][gc,heap     ] GC(13) Humongous regions: 129->129
[2024-06-05T23:43:04.885-0400][gc,metaspace] GC(13) Metaspace: 39976K(40512K)->39976K(40512K) NonClass: 35109K(35392K)->35109K(35392K) Class: 4866K(5120K)->4866K(5120K)
[2024-06-05T23:43:04.885-0400][gc          ] GC(13) Pause Young (Normal) (G1 Evacuation Pause) 192M->144M(1024M) 117.486ms
[2024-06-05T23:43:04.885-0400][gc,cpu      ] GC(13) User=0.04s Sys=0.08s Real=0.12s
[2024-06-06T10:37:36.184-0400][gc,start    ] GC(14) Pause Young (Normal) (G1 Evacuation Pause)
[2024-06-06T10:37:36.191-0400][gc,task     ] GC(14) Using 4 workers of 4 for evacuation
[2024-06-06T10:37:36.540-0400][gc,mmu      ] GC(14) MMU target violated: 21.0ms (20.0ms/21.0ms)
[2024-06-06T10:37:36.544-0400][gc,phases   ] GC(14)   Pre Evacuate Collection Set: 16.7ms
[2024-06-06T10:37:36.544-0400][gc,phases   ] GC(14)   Merge Heap Roots: 1.8ms
[2024-06-06T10:37:36.544-0400][gc,phases   ] GC(14)   Evacuate Collection Set: 311.7ms
[2024-06-06T10:37:36.544-0400][gc,phases   ] GC(14)   Post Evacuate Collection Set: 16.9ms
[2024-06-06T10:37:36.545-0400][gc,phases   ] GC(14)   Other: 8.1ms
[2024-06-06T10:37:36.548-0400][gc,heap     ] GC(14) Eden regions: 48->0(48)
[2024-06-06T10:37:36.548-0400][gc,heap     ] GC(14) Survivor regions: 3->3(7)
[2024-06-06T10:37:36.548-0400][gc,heap     ] GC(14) Old regions: 14->14
[2024-06-06T10:37:36.548-0400][gc,heap     ] GC(14) Humongous regions: 129->129
[2024-06-06T10:37:36.548-0400][gc,metaspace] GC(14) Metaspace: 39978K(40512K)->39978K(40512K) NonClass: 35111K(35392K)->35111K(35392K) Class: 4866K(5120K)->4866K(5120K)
[2024-06-06T10:37:36.548-0400][gc          ] GC(14) Pause Young (Normal) (G1 Evacuation Pause) 192M->144M(1024M) 364.709ms
[2024-06-06T10:37:36.548-0400][gc,cpu      ] GC(14) User=0.03s Sys=0.27s Real=0.36s
[2024-06-06T11:04:01.796-0400][gc,heap,exit] Heap
[2024-06-06T11:04:01.797-0400][gc,heap,exit]  garbage-first heap   total 1048576K, used 191545K [0x00000007c0000000, 0x0000000800000000)
[2024-06-06T11:04:01.797-0400][gc,heap,exit]   region size 1024K, 46 young (47104K), 3 survivors (3072K)
[2024-06-06T11:04:01.797-0400][gc,heap,exit]  Metaspace       used 40540K, committed 41024K, reserved 1114112K
[2024-06-06T11:04:01.797-0400][gc,heap,exit]   class space    used 5008K, committed 5248K, reserved 1048576K
