[2024-06-12T13:51:36.144-0400][gc,heap] Heap region size: 1M
[2024-06-12T13:51:36.154-0400][gc     ] Using G1
[2024-06-12T13:51:36.154-0400][gc,heap,coops] Heap address: 0x00000007c0000000, size: 1024 MB, Compressed Oops mode: Zero based, Oop shift amount: 3
[2024-06-12T13:51:38.778-0400][gc,start     ] GC(0) Pause Young (Concurrent Start) (Metadata GC Threshold)
[2024-06-12T13:51:38.779-0400][gc,task      ] GC(0) Using 4 workers of 4 for evacuation
[2024-06-12T13:51:38.796-0400][gc,phases    ] GC(0)   Pre Evacuate Collection Set: 0.0ms
[2024-06-12T13:51:38.796-0400][gc,phases    ] GC(0)   Evacuate Collection Set: 16.3ms
[2024-06-12T13:51:38.796-0400][gc,phases    ] GC(0)   Post Evacuate Collection Set: 0.5ms
[2024-06-12T13:51:38.796-0400][gc,phases    ] GC(0)   Other: 0.5ms
[2024-06-12T13:51:38.796-0400][gc,heap      ] GC(0) Eden regions: 40->0(44)
[2024-06-12T13:51:38.796-0400][gc,heap      ] GC(0) Survivor regions: 0->7(7)
[2024-06-12T13:51:38.796-0400][gc,heap      ] GC(0) Old regions: 0->0
[2024-06-12T13:51:38.796-0400][gc,heap      ] GC(0) Humongous regions: 0->0
[2024-06-12T13:51:38.796-0400][gc,metaspace ] GC(0) Metaspace: 20667K(21296K)->20667K(21296K) NonClass: 18222K(18608K)->18222K(18608K) Class: 2445K(2688K)->2445K(2688K)
[2024-06-12T13:51:38.796-0400][gc           ] GC(0) Pause Young (Concurrent Start) (Metadata GC Threshold) 39M->6M(1024M) 17.491ms
[2024-06-12T13:51:38.796-0400][gc,cpu       ] GC(0) User=0.02s Sys=0.01s Real=0.02s
[2024-06-12T13:51:38.796-0400][gc           ] GC(1) Concurrent Cycle
[2024-06-12T13:51:38.796-0400][gc,marking   ] GC(1) Concurrent Clear Claimed Marks
[2024-06-12T13:51:38.796-0400][gc,marking   ] GC(1) Concurrent Clear Claimed Marks 0.042ms
[2024-06-12T13:51:38.796-0400][gc,marking   ] GC(1) Concurrent Scan Root Regions
[2024-06-12T13:51:38.804-0400][gc,marking   ] GC(1) Concurrent Scan Root Regions 7.687ms
[2024-06-12T13:51:38.804-0400][gc,marking   ] GC(1) Concurrent Mark (2.670s)
[2024-06-12T13:51:38.804-0400][gc,marking   ] GC(1) Concurrent Mark From Roots
[2024-06-12T13:51:38.804-0400][gc,task      ] GC(1) Using 1 workers of 1 for marking
[2024-06-12T13:51:38.805-0400][gc,marking   ] GC(1) Concurrent Mark From Roots 1.611ms
[2024-06-12T13:51:38.805-0400][gc,marking   ] GC(1) Concurrent Preclean
[2024-06-12T13:51:38.806-0400][gc,marking   ] GC(1) Concurrent Preclean 0.053ms
[2024-06-12T13:51:38.806-0400][gc,marking   ] GC(1) Concurrent Mark (2.670s, 2.671s) 1.796ms
[2024-06-12T13:51:38.807-0400][gc,start     ] GC(1) Pause Remark
[2024-06-12T13:51:38.811-0400][gc,stringtable] GC(1) Cleaned string and symbol table, strings: 7670 processed, 0 removed, symbols: 64110 processed, 39 removed
[2024-06-12T13:51:38.812-0400][gc            ] GC(1) Pause Remark 7M->7M(1024M) 4.942ms
[2024-06-12T13:51:38.812-0400][gc,cpu        ] GC(1) User=0.01s Sys=0.00s Real=0.01s
[2024-06-12T13:51:38.812-0400][gc,marking    ] GC(1) Concurrent Rebuild Remembered Sets
[2024-06-12T13:51:38.812-0400][gc,marking    ] GC(1) Concurrent Rebuild Remembered Sets 0.329ms
[2024-06-12T13:51:38.812-0400][gc,start      ] GC(1) Pause Cleanup
[2024-06-12T13:51:38.812-0400][gc            ] GC(1) Pause Cleanup 7M->7M(1024M) 0.167ms
[2024-06-12T13:51:38.812-0400][gc,cpu        ] GC(1) User=0.00s Sys=0.00s Real=0.00s
[2024-06-12T13:51:38.813-0400][gc,marking    ] GC(1) Concurrent Cleanup for Next Mark
[2024-06-12T13:51:38.825-0400][gc,marking    ] GC(1) Concurrent Cleanup for Next Mark 12.320ms
[2024-06-12T13:51:38.825-0400][gc            ] GC(1) Concurrent Cycle 29.047ms
[2024-06-12T13:51:38.938-0400][gc,heap,exit  ] Heap
[2024-06-12T13:51:38.938-0400][gc,heap,exit  ]  garbage-first heap   total 1048576K, used 9902K [0x00000007c0000000, 0x0000000800000000)
[2024-06-12T13:51:38.938-0400][gc,heap,exit  ]   region size 1024K, 11 young (11264K), 7 survivors (7168K)
[2024-06-12T13:51:38.938-0400][gc,heap,exit  ]  Metaspace       used 21210K, capacity 21641K, committed 21936K, reserved 1069056K
[2024-06-12T13:51:38.938-0400][gc,heap,exit  ]   class space    used 2585K, capacity 2760K, committed 2816K, reserved 1048576K
