[2024-06-13T13:48:40.929-0400][gc,init] CardTable entry size: 512
[2024-06-13T13:48:40.930-0400][gc     ] Using G1
[2024-06-13T13:48:40.942-0400][gc,init] Version: 21.0.3 (release)
[2024-06-13T13:48:40.943-0400][gc,init] CPUs: 4 total, 4 available
[2024-06-13T13:48:40.943-0400][gc,init] Memory: 8192M
[2024-06-13T13:48:40.943-0400][gc,init] Large Page Support: Disabled
[2024-06-13T13:48:40.943-0400][gc,init] NUMA Support: Disabled
[2024-06-13T13:48:40.943-0400][gc,init] Compressed Oops: Enabled (Zero based)
[2024-06-13T13:48:40.943-0400][gc,init] Heap Region Size: 1M
[2024-06-13T13:48:40.943-0400][gc,init] Heap Min Capacity: 1G
[2024-06-13T13:48:40.943-0400][gc,init] Heap Initial Capacity: 1G
[2024-06-13T13:48:40.943-0400][gc,init] Heap Max Capacity: 1G
[2024-06-13T13:48:40.943-0400][gc,init] Pre-touch: Disabled
[2024-06-13T13:48:40.943-0400][gc,init] Parallel Workers: 4
[2024-06-13T13:48:40.943-0400][gc,init] Concurrent Workers: 1
[2024-06-13T13:48:40.943-0400][gc,init] Concurrent Refinement Workers: 4
[2024-06-13T13:48:40.943-0400][gc,init] Periodic GC: Disabled
[2024-06-13T13:48:40.958-0400][gc,metaspace] CDS archive(s) mapped at: [0x000000012c000000-0x000000012cca1000-0x000000012cca1000), size 13242368, SharedBaseAddress: 0x000000012c000000, ArchiveRelocationMode: 1.
[2024-06-13T13:48:40.958-0400][gc,metaspace] Compressed class space mapped at: 0x000000012d000000-0x000000016d000000, reserved size: 1073741824
[2024-06-13T13:48:40.958-0400][gc,metaspace] Narrow klass base: 0x000000012c000000, Narrow klass shift: 0, Narrow klass range: 0x100000000
[2024-06-13T13:48:43.585-0400][gc,start    ] GC(0) Pause Young (Normal) (G1 Evacuation Pause)
[2024-06-13T13:48:43.586-0400][gc,task     ] GC(0) Using 4 workers of 4 for evacuation
[2024-06-13T13:48:43.600-0400][gc,phases   ] GC(0)   Pre Evacuate Collection Set: 0.7ms
[2024-06-13T13:48:43.600-0400][gc,phases   ] GC(0)   Merge Heap Roots: 0.1ms
[2024-06-13T13:48:43.600-0400][gc,phases   ] GC(0)   Evacuate Collection Set: 11.7ms
[2024-06-13T13:48:43.600-0400][gc,phases   ] GC(0)   Post Evacuate Collection Set: 1.6ms
[2024-06-13T13:48:43.600-0400][gc,phases   ] GC(0)   Other: 1.1ms
[2024-06-13T13:48:43.600-0400][gc,heap     ] GC(0) Eden regions: 51->0(44)
[2024-06-13T13:48:43.601-0400][gc,heap     ] GC(0) Survivor regions: 0->7(7)
[2024-06-13T13:48:43.601-0400][gc,heap     ] GC(0) Old regions: 2->3
[2024-06-13T13:48:43.601-0400][gc,heap     ] GC(0) Humongous regions: 0->0
[2024-06-13T13:48:43.601-0400][gc,metaspace] GC(0) Metaspace: 20028K(20288K)->20028K(20288K) NonClass: 17429K(17600K)->17429K(17600K) Class: 2599K(2688K)->2599K(2688K)
[2024-06-13T13:48:43.601-0400][gc          ] GC(0) Pause Young (Normal) (G1 Evacuation Pause) 52M->8M(1024M) 16.284ms
[2024-06-13T13:48:43.601-0400][gc,cpu      ] GC(0) User=0.02s Sys=0.01s Real=0.02s
[2024-06-13T13:48:43.834-0400][gc,start    ] GC(1) Pause Young (Concurrent Start) (Metadata GC Threshold)
[2024-06-13T13:48:43.834-0400][gc,task     ] GC(1) Using 4 workers of 4 for evacuation
[2024-06-13T13:48:43.846-0400][gc,phases   ] GC(1)   Pre Evacuate Collection Set: 0.1ms
[2024-06-13T13:48:43.846-0400][gc,phases   ] GC(1)   Merge Heap Roots: 0.0ms
[2024-06-13T13:48:43.846-0400][gc,phases   ] GC(1)   Evacuate Collection Set: 9.3ms
[2024-06-13T13:48:43.847-0400][gc,phases   ] GC(1)   Post Evacuate Collection Set: 3.0ms
[2024-06-13T13:48:43.847-0400][gc,phases   ] GC(1)   Other: 0.1ms
[2024-06-13T13:48:43.847-0400][gc,heap     ] GC(1) Eden regions: 6->0(50)
[2024-06-13T13:48:43.847-0400][gc,heap     ] GC(1) Survivor regions: 7->1(7)
[2024-06-13T13:48:43.847-0400][gc,heap     ] GC(1) Old regions: 3->10
[2024-06-13T13:48:43.847-0400][gc,heap     ] GC(1) Humongous regions: 0->0
[2024-06-13T13:48:43.847-0400][gc,metaspace] GC(1) Metaspace: 21276K(21504K)->21276K(21504K) NonClass: 18516K(18688K)->18516K(18688K) Class: 2759K(2816K)->2759K(2816K)
[2024-06-13T13:48:43.847-0400][gc          ] GC(1) Pause Young (Concurrent Start) (Metadata GC Threshold) 13M->9M(1024M) 13.027ms
[2024-06-13T13:48:43.847-0400][gc          ] GC(2) Concurrent Mark Cycle
[2024-06-13T13:48:43.847-0400][gc,cpu      ] GC(1) User=0.03s Sys=0.01s Real=0.01s
[2024-06-13T13:48:43.847-0400][gc,marking  ] GC(2) Concurrent Scan Root Regions
[2024-06-13T13:48:43.855-0400][gc,marking  ] GC(2) Concurrent Scan Root Regions 8.182ms
[2024-06-13T13:48:43.855-0400][gc,marking  ] GC(2) Concurrent Mark
[2024-06-13T13:48:43.855-0400][gc,marking  ] GC(2) Concurrent Mark From Roots
[2024-06-13T13:48:43.855-0400][gc,task     ] GC(2) Using 1 workers of 1 for marking
[2024-06-13T13:48:43.860-0400][gc,marking  ] GC(2) Concurrent Mark From Roots 4.131ms
[2024-06-13T13:48:43.860-0400][gc,marking  ] GC(2) Concurrent Preclean
[2024-06-13T13:48:43.860-0400][gc,marking  ] GC(2) Concurrent Preclean 0.275ms
[2024-06-13T13:48:43.860-0400][gc,start    ] GC(2) Pause Remark
[2024-06-13T13:48:43.867-0400][gc          ] GC(2) Pause Remark 10M->10M(1024M) 6.629ms
[2024-06-13T13:48:43.867-0400][gc,cpu      ] GC(2) User=0.01s Sys=0.00s Real=0.00s
[2024-06-13T13:48:43.868-0400][gc,marking  ] GC(2) Concurrent Mark 12.326ms
[2024-06-13T13:48:43.868-0400][gc,marking  ] GC(2) Concurrent Rebuild Remembered Sets and Scrub Regions
[2024-06-13T13:48:43.879-0400][gc,marking  ] GC(2) Concurrent Rebuild Remembered Sets and Scrub Regions 11.727ms
[2024-06-13T13:48:43.881-0400][gc,start    ] GC(2) Pause Cleanup
[2024-06-13T13:48:43.881-0400][gc          ] GC(2) Pause Cleanup 10M->10M(1024M) 0.215ms
[2024-06-13T13:48:43.881-0400][gc,cpu      ] GC(2) User=0.00s Sys=0.00s Real=0.00s
[2024-06-13T13:48:43.881-0400][gc,marking  ] GC(2) Concurrent Clear Claimed Marks
[2024-06-13T13:48:43.881-0400][gc,marking  ] GC(2) Concurrent Clear Claimed Marks 0.046ms
[2024-06-13T13:48:43.881-0400][gc,marking  ] GC(2) Concurrent Cleanup for Next Mark
[2024-06-13T13:48:43.903-0400][gc,marking  ] GC(2) Concurrent Cleanup for Next Mark 21.811ms
[2024-06-13T13:48:43.903-0400][gc          ] GC(2) Concurrent Mark Cycle 55.919ms
[2024-06-13T13:48:45.336-0400][gc,start    ] GC(3) Pause Young (Prepare Mixed) (G1 Evacuation Pause)
[2024-06-13T13:48:45.336-0400][gc,task     ] GC(3) Using 4 workers of 4 for evacuation
[2024-06-13T13:48:45.345-0400][gc,phases   ] GC(3)   Pre Evacuate Collection Set: 0.2ms
[2024-06-13T13:48:45.345-0400][gc,phases   ] GC(3)   Merge Heap Roots: 0.1ms
[2024-06-13T13:48:45.345-0400][gc,phases   ] GC(3)   Evacuate Collection Set: 7.7ms
[2024-06-13T13:48:45.345-0400][gc,phases   ] GC(3)   Post Evacuate Collection Set: 0.5ms
[2024-06-13T13:48:45.345-0400][gc,phases   ] GC(3)   Other: 0.1ms
[2024-06-13T13:48:45.345-0400][gc,heap     ] GC(3) Eden regions: 50->0(45)
[2024-06-13T13:48:45.345-0400][gc,heap     ] GC(3) Survivor regions: 1->6(7)
[2024-06-13T13:48:45.345-0400][gc,heap     ] GC(3) Old regions: 10->10
[2024-06-13T13:48:45.345-0400][gc,heap     ] GC(3) Humongous regions: 129->129
[2024-06-13T13:48:45.345-0400][gc,metaspace] GC(3) Metaspace: 33503K(33856K)->33503K(33856K) NonClass: 29436K(29632K)->29436K(29632K) Class: 4066K(4224K)->4066K(4224K)
[2024-06-13T13:48:45.345-0400][gc          ] GC(3) Pause Young (Prepare Mixed) (G1 Evacuation Pause) 188M->142M(1024M) 8.876ms
[2024-06-13T13:48:45.345-0400][gc,cpu      ] GC(3) User=0.03s Sys=0.00s Real=0.01s
[2024-06-13T13:50:45.236-0400][gc,start    ] GC(4) Pause Young (Mixed) (Metadata GC Threshold)
[2024-06-13T13:50:45.236-0400][gc,task     ] GC(4) Using 4 workers of 4 for evacuation
[2024-06-13T13:50:45.244-0400][gc,phases   ] GC(4)   Pre Evacuate Collection Set: 0.2ms
[2024-06-13T13:50:45.244-0400][gc,phases   ] GC(4)   Merge Heap Roots: 0.1ms
[2024-06-13T13:50:45.244-0400][gc,phases   ] GC(4)   Evacuate Collection Set: 7.4ms
[2024-06-13T13:50:45.244-0400][gc,phases   ] GC(4)   Post Evacuate Collection Set: 0.4ms
[2024-06-13T13:50:45.245-0400][gc,phases   ] GC(4)   Other: 0.1ms
[2024-06-13T13:50:45.245-0400][gc,heap     ] GC(4) Eden regions: 11->0(50)
[2024-06-13T13:50:45.245-0400][gc,heap     ] GC(4) Survivor regions: 6->1(7)
[2024-06-13T13:50:45.245-0400][gc,heap     ] GC(4) Old regions: 10->14
[2024-06-13T13:50:45.245-0400][gc,heap     ] GC(4) Humongous regions: 129->129
[2024-06-13T13:50:45.245-0400][gc,metaspace] GC(4) Metaspace: 35592K(35968K)->35592K(35968K) NonClass: 31217K(31424K)->31217K(31424K) Class: 4375K(4544K)->4375K(4544K)
[2024-06-13T13:50:45.245-0400][gc          ] GC(4) Pause Young (Mixed) (Metadata GC Threshold) 153M->143M(1024M) 8.602ms
[2024-06-13T13:50:45.245-0400][gc,cpu      ] GC(4) User=0.02s Sys=0.01s Real=0.01s
[2024-06-13T13:50:45.354-0400][gc,start    ] GC(5) Pause Young (Concurrent Start) (Metadata GC Threshold)
[2024-06-13T13:50:45.354-0400][gc,task     ] GC(5) Using 4 workers of 4 for evacuation
[2024-06-13T13:50:45.356-0400][gc,phases   ] GC(5)   Pre Evacuate Collection Set: 0.2ms
[2024-06-13T13:50:45.357-0400][gc,phases   ] GC(5)   Merge Heap Roots: 0.0ms
[2024-06-13T13:50:45.357-0400][gc,phases   ] GC(5)   Evacuate Collection Set: 2.0ms
[2024-06-13T13:50:45.357-0400][gc,phases   ] GC(5)   Post Evacuate Collection Set: 0.3ms
[2024-06-13T13:50:45.357-0400][gc,phases   ] GC(5)   Other: 0.1ms
[2024-06-13T13:50:45.357-0400][gc,heap     ] GC(5) Eden regions: 4->0(50)
[2024-06-13T13:50:45.357-0400][gc,heap     ] GC(5) Survivor regions: 1->1(7)
[2024-06-13T13:50:45.357-0400][gc,heap     ] GC(5) Old regions: 14->14
[2024-06-13T13:50:45.357-0400][gc,heap     ] GC(5) Humongous regions: 129->129
[2024-06-13T13:50:45.357-0400][gc,metaspace] GC(5) Metaspace: 35964K(36288K)->35964K(36288K) NonClass: 31496K(31680K)->31496K(31680K) Class: 4467K(4608K)->4467K(4608K)
[2024-06-13T13:50:45.357-0400][gc          ] GC(5) Pause Young (Concurrent Start) (Metadata GC Threshold) 146M->143M(1024M) 2.927ms
[2024-06-13T13:50:45.357-0400][gc,cpu      ] GC(5) User=0.01s Sys=0.00s Real=0.00s
[2024-06-13T13:50:45.357-0400][gc          ] GC(6) Concurrent Mark Cycle
[2024-06-13T13:50:45.357-0400][gc,marking  ] GC(6) Concurrent Scan Root Regions
[2024-06-13T13:50:45.359-0400][gc,marking  ] GC(6) Concurrent Scan Root Regions 1.853ms
[2024-06-13T13:50:45.359-0400][gc,marking  ] GC(6) Concurrent Mark
[2024-06-13T13:50:45.359-0400][gc,marking  ] GC(6) Concurrent Mark From Roots
[2024-06-13T13:50:45.359-0400][gc,task     ] GC(6) Using 1 workers of 1 for marking
[2024-06-13T13:50:45.394-0400][gc,marking  ] GC(6) Concurrent Mark From Roots 34.958ms
[2024-06-13T13:50:45.394-0400][gc,marking  ] GC(6) Concurrent Preclean
[2024-06-13T13:50:45.394-0400][gc,marking  ] GC(6) Concurrent Preclean 0.077ms
[2024-06-13T13:50:45.394-0400][gc,start    ] GC(6) Pause Remark
[2024-06-13T13:50:45.397-0400][gc          ] GC(6) Pause Remark 146M->146M(1024M) 3.204ms
[2024-06-13T13:50:45.397-0400][gc,cpu      ] GC(6) User=0.00s Sys=0.00s Real=0.00s
[2024-06-13T13:50:45.397-0400][gc,marking  ] GC(6) Concurrent Mark 38.533ms
[2024-06-13T13:50:45.397-0400][gc,marking  ] GC(6) Concurrent Rebuild Remembered Sets and Scrub Regions
[2024-06-13T13:50:45.409-0400][gc,marking  ] GC(6) Concurrent Rebuild Remembered Sets and Scrub Regions 11.893ms
[2024-06-13T13:50:45.409-0400][gc,start    ] GC(6) Pause Cleanup
[2024-06-13T13:50:45.410-0400][gc          ] GC(6) Pause Cleanup 146M->146M(1024M) 0.462ms
[2024-06-13T13:50:45.410-0400][gc,cpu      ] GC(6) User=0.00s Sys=0.00s Real=0.01s
[2024-06-13T13:50:45.410-0400][gc,marking  ] GC(6) Concurrent Clear Claimed Marks
[2024-06-13T13:50:45.410-0400][gc,marking  ] GC(6) Concurrent Clear Claimed Marks 0.142ms
[2024-06-13T13:50:45.410-0400][gc,marking  ] GC(6) Concurrent Cleanup for Next Mark
[2024-06-13T13:50:45.414-0400][gc,marking  ] GC(6) Concurrent Cleanup for Next Mark 3.444ms
[2024-06-13T13:50:45.414-0400][gc          ] GC(6) Concurrent Mark Cycle 57.008ms
[2024-06-13T14:17:21.848-0400][gc,start    ] GC(7) Pause Young (Prepare Mixed) (G1 Evacuation Pause)
[2024-06-13T14:17:21.853-0400][gc,task     ] GC(7) Using 4 workers of 4 for evacuation
[2024-06-13T14:17:22.056-0400][gc,mmu      ] GC(7) MMU target violated: 21.0ms (20.0ms/21.0ms)
[2024-06-13T14:17:22.056-0400][gc,phases   ] GC(7)   Pre Evacuate Collection Set: 15.5ms
[2024-06-13T14:17:22.057-0400][gc,phases   ] GC(7)   Merge Heap Roots: 5.7ms
[2024-06-13T14:17:22.057-0400][gc,phases   ] GC(7)   Evacuate Collection Set: 97.7ms
[2024-06-13T14:17:22.057-0400][gc,phases   ] GC(7)   Post Evacuate Collection Set: 84.1ms
[2024-06-13T14:17:22.057-0400][gc,phases   ] GC(7)   Other: 0.4ms
[2024-06-13T14:17:22.057-0400][gc,heap     ] GC(7) Eden regions: 50->0(47)
[2024-06-13T14:17:22.057-0400][gc,heap     ] GC(7) Survivor regions: 1->4(7)
[2024-06-13T14:17:22.057-0400][gc,heap     ] GC(7) Old regions: 14->14
[2024-06-13T14:17:22.057-0400][gc,heap     ] GC(7) Humongous regions: 129->129
[2024-06-13T14:17:22.057-0400][gc,metaspace] GC(7) Metaspace: 39959K(40512K)->39959K(40512K) NonClass: 35026K(35328K)->35026K(35328K) Class: 4932K(5184K)->4932K(5184K)
[2024-06-13T14:17:22.057-0400][gc          ] GC(7) Pause Young (Prepare Mixed) (G1 Evacuation Pause) 193M->145M(1024M) 209.113ms
[2024-06-13T14:17:22.057-0400][gc,cpu      ] GC(7) User=0.04s Sys=0.06s Real=0.21s
[2024-06-13T15:58:30.575-0400][gc,start    ] GC(8) Pause Young (Mixed) (G1 Evacuation Pause)
[2024-06-13T15:58:30.577-0400][gc,task     ] GC(8) Using 4 workers of 4 for evacuation
[2024-06-13T15:58:30.736-0400][gc,mmu      ] GC(8) MMU target violated: 21.0ms (20.0ms/21.0ms)
[2024-06-13T15:58:30.737-0400][gc,phases   ] GC(8)   Pre Evacuate Collection Set: 10.1ms
[2024-06-13T15:58:30.737-0400][gc,phases   ] GC(8)   Merge Heap Roots: 2.1ms
[2024-06-13T15:58:30.737-0400][gc,phases   ] GC(8)   Evacuate Collection Set: 142.4ms
[2024-06-13T15:58:30.737-0400][gc,phases   ] GC(8)   Post Evacuate Collection Set: 4.0ms
[2024-06-13T15:58:30.737-0400][gc,phases   ] GC(8)   Other: 1.2ms
[2024-06-13T15:58:30.737-0400][gc,heap     ] GC(8) Eden regions: 47->0(47)
[2024-06-13T15:58:30.738-0400][gc,heap     ] GC(8) Survivor regions: 4->4(7)
[2024-06-13T15:58:30.738-0400][gc,heap     ] GC(8) Old regions: 14->14
[2024-06-13T15:58:30.738-0400][gc,heap     ] GC(8) Humongous regions: 129->129
[2024-06-13T15:58:30.738-0400][gc,metaspace] GC(8) Metaspace: 40075K(40640K)->40075K(40640K) NonClass: 35141K(35456K)->35141K(35456K) Class: 4933K(5184K)->4933K(5184K)
[2024-06-13T15:58:30.738-0400][gc          ] GC(8) Pause Young (Mixed) (G1 Evacuation Pause) 192M->145M(1024M) 162.899ms
[2024-06-13T15:58:30.738-0400][gc,cpu      ] GC(8) User=0.19s Sys=0.19s Real=0.16s
[2024-06-13T16:14:22.746-0400][gc,start    ] GC(9) Pause Young (Normal) (G1 Evacuation Pause)
[2024-06-13T16:14:22.748-0400][gc,task     ] GC(9) Using 4 workers of 4 for evacuation
[2024-06-13T16:14:22.842-0400][gc,mmu      ] GC(9) MMU target violated: 21.0ms (20.0ms/21.0ms)
[2024-06-13T16:14:22.843-0400][gc,phases   ] GC(9)   Pre Evacuate Collection Set: 9.6ms
[2024-06-13T16:14:22.843-0400][gc,phases   ] GC(9)   Merge Heap Roots: 0.8ms
[2024-06-13T16:14:22.843-0400][gc,phases   ] GC(9)   Evacuate Collection Set: 83.1ms
[2024-06-13T16:14:22.843-0400][gc,phases   ] GC(9)   Post Evacuate Collection Set: 1.0ms
[2024-06-13T16:14:22.843-0400][gc,phases   ] GC(9)   Other: 0.3ms
[2024-06-13T16:14:22.843-0400][gc,heap     ] GC(9) Eden regions: 47->0(47)
[2024-06-13T16:14:22.843-0400][gc,heap     ] GC(9) Survivor regions: 4->4(7)
[2024-06-13T16:14:22.843-0400][gc,heap     ] GC(9) Old regions: 14->14
[2024-06-13T16:14:22.843-0400][gc,heap     ] GC(9) Humongous regions: 129->129
[2024-06-13T16:14:22.843-0400][gc,metaspace] GC(9) Metaspace: 40129K(40704K)->40129K(40704K) NonClass: 35195K(35520K)->35195K(35520K) Class: 4934K(5184K)->4934K(5184K)
[2024-06-13T16:14:22.843-0400][gc          ] GC(9) Pause Young (Normal) (G1 Evacuation Pause) 192M->145M(1024M) 96.416ms
[2024-06-13T16:14:22.843-0400][gc,cpu      ] GC(9) User=0.04s Sys=0.11s Real=0.10s
[2024-06-13T16:27:42.314-0400][gc,start    ] GC(10) Pause Young (Normal) (G1 Evacuation Pause)
[2024-06-13T16:27:42.314-0400][gc,task     ] GC(10) Using 4 workers of 4 for evacuation
[2024-06-13T16:27:42.383-0400][gc,mmu      ] GC(10) MMU target violated: 21.0ms (20.0ms/21.0ms)
[2024-06-13T16:27:42.383-0400][gc,phases   ] GC(10)   Pre Evacuate Collection Set: 2.6ms
[2024-06-13T16:27:42.383-0400][gc,phases   ] GC(10)   Merge Heap Roots: 1.0ms
[2024-06-13T16:27:42.383-0400][gc,phases   ] GC(10)   Evacuate Collection Set: 59.3ms
[2024-06-13T16:27:42.383-0400][gc,phases   ] GC(10)   Post Evacuate Collection Set: 3.6ms
[2024-06-13T16:27:42.383-0400][gc,phases   ] GC(10)   Other: 2.3ms
[2024-06-13T16:27:42.383-0400][gc,heap     ] GC(10) Eden regions: 47->0(47)
[2024-06-13T16:27:42.383-0400][gc,heap     ] GC(10) Survivor regions: 4->4(7)
[2024-06-13T16:27:42.383-0400][gc,heap     ] GC(10) Old regions: 14->14
[2024-06-13T16:27:42.383-0400][gc,heap     ] GC(10) Humongous regions: 129->129
[2024-06-13T16:27:42.383-0400][gc,metaspace] GC(10) Metaspace: 40153K(40704K)->40153K(40704K) NonClass: 35218K(35520K)->35218K(35520K) Class: 4934K(5184K)->4934K(5184K)
[2024-06-13T16:27:42.383-0400][gc          ] GC(10) Pause Young (Normal) (G1 Evacuation Pause) 192M->145M(1024M) 69.409ms
[2024-06-13T16:27:42.383-0400][gc,cpu      ] GC(10) User=0.03s Sys=0.09s Real=0.07s
[2024-06-13T16:40:28.175-0400][gc,start    ] GC(11) Pause Young (Normal) (G1 Evacuation Pause)
[2024-06-13T16:40:28.175-0400][gc,task     ] GC(11) Using 4 workers of 4 for evacuation
[2024-06-13T16:40:28.420-0400][gc,mmu      ] GC(11) MMU target violated: 21.0ms (20.0ms/21.0ms)
[2024-06-13T16:40:28.420-0400][gc,phases   ] GC(11)   Pre Evacuate Collection Set: 1.4ms
[2024-06-13T16:40:28.420-0400][gc,phases   ] GC(11)   Merge Heap Roots: 0.8ms
[2024-06-13T16:40:28.420-0400][gc,phases   ] GC(11)   Evacuate Collection Set: 238.9ms
[2024-06-13T16:40:28.420-0400][gc,phases   ] GC(11)   Post Evacuate Collection Set: 3.3ms
[2024-06-13T16:40:28.420-0400][gc,phases   ] GC(11)   Other: 0.4ms
[2024-06-13T16:40:28.420-0400][gc,heap     ] GC(11) Eden regions: 47->0(47)
[2024-06-13T16:40:28.420-0400][gc,heap     ] GC(11) Survivor regions: 4->4(7)
[2024-06-13T16:40:28.420-0400][gc,heap     ] GC(11) Old regions: 14->14
[2024-06-13T16:40:28.420-0400][gc,heap     ] GC(11) Humongous regions: 129->129
[2024-06-13T16:40:28.420-0400][gc,metaspace] GC(11) Metaspace: 40260K(40832K)->40260K(40832K) NonClass: 35315K(35648K)->35315K(35648K) Class: 4944K(5184K)->4944K(5184K)
[2024-06-13T16:40:28.423-0400][gc          ] GC(11) Pause Young (Normal) (G1 Evacuation Pause) 192M->145M(1024M) 248.331ms
[2024-06-13T16:40:28.423-0400][gc,cpu      ] GC(11) User=0.03s Sys=0.13s Real=0.25s
[2024-06-13T16:54:22.768-0400][gc,start    ] GC(12) Pause Young (Normal) (G1 Evacuation Pause)
[2024-06-13T16:54:22.770-0400][gc,task     ] GC(12) Using 4 workers of 4 for evacuation
[2024-06-13T16:54:23.036-0400][gc,mmu      ] GC(12) MMU target violated: 21.0ms (20.0ms/21.0ms)
[2024-06-13T16:54:23.037-0400][gc,phases   ] GC(12)   Pre Evacuate Collection Set: 5.6ms
[2024-06-13T16:54:23.037-0400][gc,phases   ] GC(12)   Merge Heap Roots: 1.9ms
[2024-06-13T16:54:23.037-0400][gc,phases   ] GC(12)   Evacuate Collection Set: 244.6ms
[2024-06-13T16:54:23.037-0400][gc,phases   ] GC(12)   Post Evacuate Collection Set: 13.2ms
[2024-06-13T16:54:23.037-0400][gc,phases   ] GC(12)   Other: 2.4ms
[2024-06-13T16:54:23.037-0400][gc,heap     ] GC(12) Eden regions: 47->0(47)
[2024-06-13T16:54:23.037-0400][gc,heap     ] GC(12) Survivor regions: 4->4(7)
[2024-06-13T16:54:23.037-0400][gc,heap     ] GC(12) Old regions: 14->14
[2024-06-13T16:54:23.037-0400][gc,heap     ] GC(12) Humongous regions: 129->129
[2024-06-13T16:54:23.037-0400][gc,metaspace] GC(12) Metaspace: 40286K(40896K)->40286K(40896K) NonClass: 35341K(35712K)->35341K(35712K) Class: 4944K(5184K)->4944K(5184K)
[2024-06-13T16:54:23.038-0400][gc          ] GC(12) Pause Young (Normal) (G1 Evacuation Pause) 192M->146M(1024M) 270.334ms
[2024-06-13T16:54:23.038-0400][gc,cpu      ] GC(12) User=0.04s Sys=0.16s Real=0.27s
[2024-06-13T17:10:57.857-0400][gc,start    ] GC(13) Pause Young (Normal) (G1 Evacuation Pause)
[2024-06-13T17:10:57.862-0400][gc,task     ] GC(13) Using 4 workers of 4 for evacuation
[2024-06-13T17:10:58.045-0400][gc,mmu      ] GC(13) MMU target violated: 21.0ms (20.0ms/21.0ms)
[2024-06-13T17:10:58.046-0400][gc,phases   ] GC(13)   Pre Evacuate Collection Set: 2.4ms
[2024-06-13T17:10:58.046-0400][gc,phases   ] GC(13)   Merge Heap Roots: 0.3ms
[2024-06-13T17:10:58.046-0400][gc,phases   ] GC(13)   Evacuate Collection Set: 171.8ms
[2024-06-13T17:10:58.046-0400][gc,phases   ] GC(13)   Post Evacuate Collection Set: 7.3ms
[2024-06-13T17:10:58.046-0400][gc,phases   ] GC(13)   Other: 2.6ms
[2024-06-13T17:10:58.046-0400][gc,heap     ] GC(13) Eden regions: 47->0(47)
[2024-06-13T17:10:58.046-0400][gc,heap     ] GC(13) Survivor regions: 4->4(7)
[2024-06-13T17:10:58.046-0400][gc,heap     ] GC(13) Old regions: 14->14
[2024-06-13T17:10:58.046-0400][gc,heap     ] GC(13) Humongous regions: 129->129
[2024-06-13T17:10:58.046-0400][gc,metaspace] GC(13) Metaspace: 40442K(40960K)->40442K(40960K) NonClass: 35491K(35776K)->35491K(35776K) Class: 4951K(5184K)->4951K(5184K)
[2024-06-13T17:10:58.046-0400][gc          ] GC(13) Pause Young (Normal) (G1 Evacuation Pause) 193M->146M(1024M) 189.248ms
[2024-06-13T17:10:58.046-0400][gc,cpu      ] GC(13) User=0.06s Sys=0.18s Real=0.19s
[2024-06-13T17:53:06.173-0400][gc,start    ] GC(14) Pause Young (Normal) (G1 Evacuation Pause)
[2024-06-13T17:53:06.173-0400][gc,task     ] GC(14) Using 4 workers of 4 for evacuation
[2024-06-13T17:53:06.234-0400][gc,mmu      ] GC(14) MMU target violated: 21.0ms (20.0ms/21.0ms)
[2024-06-13T17:53:06.235-0400][gc,phases   ] GC(14)   Pre Evacuate Collection Set: 1.6ms
[2024-06-13T17:53:06.235-0400][gc,phases   ] GC(14)   Merge Heap Roots: 0.2ms
[2024-06-13T17:53:06.235-0400][gc,phases   ] GC(14)   Evacuate Collection Set: 56.2ms
[2024-06-13T17:53:06.235-0400][gc,phases   ] GC(14)   Post Evacuate Collection Set: 2.1ms
[2024-06-13T17:53:06.235-0400][gc,phases   ] GC(14)   Other: 1.1ms
[2024-06-13T17:53:06.235-0400][gc,heap     ] GC(14) Eden regions: 47->0(47)
[2024-06-13T17:53:06.235-0400][gc,heap     ] GC(14) Survivor regions: 4->4(7)
[2024-06-13T17:53:06.235-0400][gc,heap     ] GC(14) Old regions: 14->14
[2024-06-13T17:53:06.235-0400][gc,heap     ] GC(14) Humongous regions: 129->129
[2024-06-13T17:53:06.235-0400][gc,metaspace] GC(14) Metaspace: 40626K(41216K)->40626K(41216K) NonClass: 35675K(36032K)->35675K(36032K) Class: 4951K(5184K)->4951K(5184K)
[2024-06-13T17:53:06.236-0400][gc          ] GC(14) Pause Young (Normal) (G1 Evacuation Pause) 193M->145M(1024M) 62.599ms
[2024-06-13T17:53:06.236-0400][gc,cpu      ] GC(14) User=0.04s Sys=0.10s Real=0.06s
[2024-06-13T18:25:19.258-0400][gc,start    ] GC(15) Pause Young (Normal) (G1 Evacuation Pause)
[2024-06-13T18:25:19.263-0400][gc,task     ] GC(15) Using 4 workers of 4 for evacuation
[2024-06-13T18:25:19.307-0400][gc,mmu      ] GC(15) MMU target violated: 21.0ms (20.0ms/21.0ms)
[2024-06-13T18:25:19.308-0400][gc,phases   ] GC(15)   Pre Evacuate Collection Set: 2.4ms
[2024-06-13T18:25:19.308-0400][gc,phases   ] GC(15)   Merge Heap Roots: 0.2ms
[2024-06-13T18:25:19.308-0400][gc,phases   ] GC(15)   Evacuate Collection Set: 37.5ms
[2024-06-13T18:25:19.308-0400][gc,phases   ] GC(15)   Post Evacuate Collection Set: 3.0ms
[2024-06-13T18:25:19.308-0400][gc,phases   ] GC(15)   Other: 3.5ms
[2024-06-13T18:25:19.308-0400][gc,heap     ] GC(15) Eden regions: 47->0(47)
[2024-06-13T18:25:19.308-0400][gc,heap     ] GC(15) Survivor regions: 4->4(7)
[2024-06-13T18:25:19.308-0400][gc,heap     ] GC(15) Old regions: 14->14
[2024-06-13T18:25:19.308-0400][gc,heap     ] GC(15) Humongous regions: 129->129
[2024-06-13T18:25:19.308-0400][gc,metaspace] GC(15) Metaspace: 40648K(41216K)->40648K(41216K) NonClass: 35697K(36032K)->35697K(36032K) Class: 4951K(5184K)->4951K(5184K)
[2024-06-13T18:25:19.309-0400][gc          ] GC(15) Pause Young (Normal) (G1 Evacuation Pause) 192M->145M(1024M) 50.384ms
[2024-06-13T18:25:19.309-0400][gc,cpu      ] GC(15) User=0.03s Sys=0.09s Real=0.05s
[2024-06-13T22:04:10.274-0400][gc,start    ] GC(16) Pause Young (Normal) (G1 Evacuation Pause)
[2024-06-13T22:04:10.274-0400][gc,task     ] GC(16) Using 4 workers of 4 for evacuation
[2024-06-13T22:04:10.332-0400][gc,mmu      ] GC(16) MMU target violated: 21.0ms (20.0ms/21.0ms)
[2024-06-13T22:04:10.332-0400][gc,phases   ] GC(16)   Pre Evacuate Collection Set: 3.8ms
[2024-06-13T22:04:10.332-0400][gc,phases   ] GC(16)   Merge Heap Roots: 1.2ms
[2024-06-13T22:04:10.332-0400][gc,phases   ] GC(16)   Evacuate Collection Set: 50.9ms
[2024-06-13T22:04:10.332-0400][gc,phases   ] GC(16)   Post Evacuate Collection Set: 1.5ms
[2024-06-13T22:04:10.332-0400][gc,phases   ] GC(16)   Other: 0.5ms
[2024-06-13T22:04:10.332-0400][gc,heap     ] GC(16) Eden regions: 47->0(47)
[2024-06-13T22:04:10.332-0400][gc,heap     ] GC(16) Survivor regions: 4->4(7)
[2024-06-13T22:04:10.332-0400][gc,heap     ] GC(16) Old regions: 14->14
[2024-06-13T22:04:10.332-0400][gc,heap     ] GC(16) Humongous regions: 129->129
[2024-06-13T22:04:10.332-0400][gc,metaspace] GC(16) Metaspace: 40653K(41216K)->40653K(41216K) NonClass: 35702K(36032K)->35702K(36032K) Class: 4951K(5184K)->4951K(5184K)
[2024-06-13T22:04:10.332-0400][gc          ] GC(16) Pause Young (Normal) (G1 Evacuation Pause) 192M->145M(1024M) 58.378ms
[2024-06-13T22:04:10.332-0400][gc,cpu      ] GC(16) User=0.05s Sys=0.09s Real=0.06s
[2024-06-14T10:31:17.158-0400][gc,start    ] GC(17) Pause Young (Normal) (G1 Evacuation Pause)
[2024-06-14T10:31:17.161-0400][gc,task     ] GC(17) Using 4 workers of 4 for evacuation
[2024-06-14T10:31:17.244-0400][gc,mmu      ] GC(17) MMU target violated: 21.0ms (20.0ms/21.0ms)
[2024-06-14T10:31:17.244-0400][gc,phases   ] GC(17)   Pre Evacuate Collection Set: 3.2ms
[2024-06-14T10:31:17.244-0400][gc,phases   ] GC(17)   Merge Heap Roots: 0.3ms
[2024-06-14T10:31:17.244-0400][gc,phases   ] GC(17)   Evacuate Collection Set: 75.4ms
[2024-06-14T10:31:17.244-0400][gc,phases   ] GC(17)   Post Evacuate Collection Set: 2.3ms
[2024-06-14T10:31:17.244-0400][gc,phases   ] GC(17)   Other: 1.6ms
[2024-06-14T10:31:17.244-0400][gc,heap     ] GC(17) Eden regions: 47->0(47)
[2024-06-14T10:31:17.245-0400][gc,heap     ] GC(17) Survivor regions: 4->4(7)
[2024-06-14T10:31:17.245-0400][gc,heap     ] GC(17) Old regions: 14->14
[2024-06-14T10:31:17.245-0400][gc,heap     ] GC(17) Humongous regions: 129->129
[2024-06-14T10:31:17.245-0400][gc,metaspace] GC(17) Metaspace: 40665K(41216K)->40665K(41216K) NonClass: 35714K(36032K)->35714K(36032K) Class: 4951K(5184K)->4951K(5184K)
[2024-06-14T10:31:17.245-0400][gc          ] GC(17) Pause Young (Normal) (G1 Evacuation Pause) 192M->145M(1024M) 87.290ms
[2024-06-14T10:31:17.245-0400][gc,cpu      ] GC(17) User=0.04s Sys=0.12s Real=0.09s
[2024-06-14T10:44:19.717-0400][gc,start    ] GC(18) Pause Young (Normal) (G1 Evacuation Pause)
[2024-06-14T10:44:19.718-0400][gc,task     ] GC(18) Using 4 workers of 4 for evacuation
[2024-06-14T10:44:19.729-0400][gc,phases   ] GC(18)   Pre Evacuate Collection Set: 0.2ms
[2024-06-14T10:44:19.729-0400][gc,phases   ] GC(18)   Merge Heap Roots: 0.1ms
[2024-06-14T10:44:19.729-0400][gc,phases   ] GC(18)   Evacuate Collection Set: 9.4ms
[2024-06-14T10:44:19.729-0400][gc,phases   ] GC(18)   Post Evacuate Collection Set: 0.6ms
[2024-06-14T10:44:19.729-0400][gc,phases   ] GC(18)   Other: 0.2ms
[2024-06-14T10:44:19.729-0400][gc,heap     ] GC(18) Eden regions: 47->0(47)
[2024-06-14T10:44:19.729-0400][gc,heap     ] GC(18) Survivor regions: 4->4(7)
[2024-06-14T10:44:19.729-0400][gc,heap     ] GC(18) Old regions: 14->14
[2024-06-14T10:44:19.729-0400][gc,heap     ] GC(18) Humongous regions: 129->129
[2024-06-14T10:44:19.729-0400][gc,metaspace] GC(18) Metaspace: 40675K(41216K)->40675K(41216K) NonClass: 35724K(36032K)->35724K(36032K) Class: 4951K(5184K)->4951K(5184K)
[2024-06-14T10:44:19.729-0400][gc          ] GC(18) Pause Young (Normal) (G1 Evacuation Pause) 192M->145M(1024M) 12.173ms
[2024-06-14T10:44:19.729-0400][gc,cpu      ] GC(18) User=0.03s Sys=0.00s Real=0.01s
[2024-06-14T13:14:56.158-0400][gc,start    ] GC(19) Pause Young (Normal) (G1 Evacuation Pause)
[2024-06-14T13:14:56.160-0400][gc,task     ] GC(19) Using 4 workers of 4 for evacuation
[2024-06-14T13:14:56.170-0400][gc,phases   ] GC(19)   Pre Evacuate Collection Set: 0.3ms
[2024-06-14T13:14:56.170-0400][gc,phases   ] GC(19)   Merge Heap Roots: 0.1ms
[2024-06-14T13:14:56.170-0400][gc,phases   ] GC(19)   Evacuate Collection Set: 9.2ms
[2024-06-14T13:14:56.170-0400][gc,phases   ] GC(19)   Post Evacuate Collection Set: 0.7ms
[2024-06-14T13:14:56.170-0400][gc,phases   ] GC(19)   Other: 0.2ms
[2024-06-14T13:14:56.170-0400][gc,heap     ] GC(19) Eden regions: 47->0(47)
[2024-06-14T13:14:56.170-0400][gc,heap     ] GC(19) Survivor regions: 4->4(7)
[2024-06-14T13:14:56.170-0400][gc,heap     ] GC(19) Old regions: 14->14
[2024-06-14T13:14:56.170-0400][gc,heap     ] GC(19) Humongous regions: 129->129
[2024-06-14T13:14:56.170-0400][gc,metaspace] GC(19) Metaspace: 40686K(41216K)->40686K(41216K) NonClass: 35735K(36032K)->35735K(36032K) Class: 4951K(5184K)->4951K(5184K)
[2024-06-14T13:14:56.170-0400][gc          ] GC(19) Pause Young (Normal) (G1 Evacuation Pause) 192M->145M(1024M) 12.042ms
[2024-06-14T13:14:56.171-0400][gc,cpu      ] GC(19) User=0.04s Sys=0.00s Real=0.02s
[2024-06-14T14:19:34.919-0400][gc,start    ] GC(20) Pause Young (Normal) (G1 Evacuation Pause)
[2024-06-14T14:19:34.920-0400][gc,task     ] GC(20) Using 4 workers of 4 for evacuation
[2024-06-14T14:19:34.931-0400][gc,phases   ] GC(20)   Pre Evacuate Collection Set: 0.2ms
[2024-06-14T14:19:34.931-0400][gc,phases   ] GC(20)   Merge Heap Roots: 0.1ms
[2024-06-14T14:19:34.931-0400][gc,phases   ] GC(20)   Evacuate Collection Set: 10.2ms
[2024-06-14T14:19:34.931-0400][gc,phases   ] GC(20)   Post Evacuate Collection Set: 0.5ms
[2024-06-14T14:19:34.931-0400][gc,phases   ] GC(20)   Other: 0.1ms
[2024-06-14T14:19:34.931-0400][gc,heap     ] GC(20) Eden regions: 47->0(47)
[2024-06-14T14:19:34.931-0400][gc,heap     ] GC(20) Survivor regions: 4->4(7)
[2024-06-14T14:19:34.931-0400][gc,heap     ] GC(20) Old regions: 14->14
[2024-06-14T14:19:34.931-0400][gc,heap     ] GC(20) Humongous regions: 129->129
[2024-06-14T14:19:34.931-0400][gc,metaspace] GC(20) Metaspace: 40700K(41216K)->40700K(41216K) NonClass: 35749K(36032K)->35749K(36032K) Class: 4951K(5184K)->4951K(5184K)
[2024-06-14T14:19:34.931-0400][gc          ] GC(20) Pause Young (Normal) (G1 Evacuation Pause) 192M->145M(1024M) 12.438ms
[2024-06-14T14:19:34.931-0400][gc,cpu      ] GC(20) User=0.03s Sys=0.00s Real=0.02s
[2024-06-14T14:32:07.622-0400][gc,start    ] GC(21) Pause Young (Normal) (G1 Evacuation Pause)
[2024-06-14T14:32:07.622-0400][gc,task     ] GC(21) Using 4 workers of 4 for evacuation
[2024-06-14T14:32:07.647-0400][gc,mmu      ] GC(21) MMU target violated: 21.0ms (20.0ms/21.0ms)
[2024-06-14T14:32:07.647-0400][gc,phases   ] GC(21)   Pre Evacuate Collection Set: 2.9ms
[2024-06-14T14:32:07.647-0400][gc,phases   ] GC(21)   Merge Heap Roots: 0.3ms
[2024-06-14T14:32:07.648-0400][gc,phases   ] GC(21)   Evacuate Collection Set: 21.0ms
[2024-06-14T14:32:07.648-0400][gc,phases   ] GC(21)   Post Evacuate Collection Set: 0.7ms
[2024-06-14T14:32:07.648-0400][gc,phases   ] GC(21)   Other: 0.3ms
[2024-06-14T14:32:07.648-0400][gc,heap     ] GC(21) Eden regions: 47->0(48)
[2024-06-14T14:32:07.648-0400][gc,heap     ] GC(21) Survivor regions: 4->3(7)
[2024-06-14T14:32:07.648-0400][gc,heap     ] GC(21) Old regions: 14->14
[2024-06-14T14:32:07.648-0400][gc,heap     ] GC(21) Humongous regions: 129->129
[2024-06-14T14:32:07.648-0400][gc,metaspace] GC(21) Metaspace: 40708K(41216K)->40708K(41216K) NonClass: 35757K(36032K)->35757K(36032K) Class: 4951K(5184K)->4951K(5184K)
[2024-06-14T14:32:07.648-0400][gc          ] GC(21) Pause Young (Normal) (G1 Evacuation Pause) 192M->145M(1024M) 25.638ms
[2024-06-14T14:32:07.648-0400][gc,cpu      ] GC(21) User=0.04s Sys=0.04s Real=0.02s
[2024-06-14T15:23:32.834-0400][gc,start    ] GC(22) Pause Young (Normal) (G1 Evacuation Pause)
[2024-06-14T15:23:32.835-0400][gc,task     ] GC(22) Using 4 workers of 4 for evacuation
[2024-06-14T15:23:32.848-0400][gc,phases   ] GC(22)   Pre Evacuate Collection Set: 0.3ms
[2024-06-14T15:23:32.848-0400][gc,phases   ] GC(22)   Merge Heap Roots: 0.1ms
[2024-06-14T15:23:32.848-0400][gc,phases   ] GC(22)   Evacuate Collection Set: 12.0ms
[2024-06-14T15:23:32.848-0400][gc,phases   ] GC(22)   Post Evacuate Collection Set: 0.5ms
[2024-06-14T15:23:32.848-0400][gc,phases   ] GC(22)   Other: 0.1ms
[2024-06-14T15:23:32.848-0400][gc,heap     ] GC(22) Eden regions: 48->0(48)
[2024-06-14T15:23:32.848-0400][gc,heap     ] GC(22) Survivor regions: 3->3(7)
[2024-06-14T15:23:32.848-0400][gc,heap     ] GC(22) Old regions: 14->15
[2024-06-14T15:23:32.848-0400][gc,heap     ] GC(22) Humongous regions: 129->129
[2024-06-14T15:23:32.848-0400][gc,metaspace] GC(22) Metaspace: 40709K(41216K)->40709K(41216K) NonClass: 35758K(36032K)->35758K(36032K) Class: 4951K(5184K)->4951K(5184K)
[2024-06-14T15:23:32.848-0400][gc          ] GC(22) Pause Young (Normal) (G1 Evacuation Pause) 193M->145M(1024M) 13.328ms
[2024-06-14T15:23:32.848-0400][gc,cpu      ] GC(22) User=0.02s Sys=0.02s Real=0.01s
[2024-06-14T15:48:34.878-0400][gc,start    ] GC(23) Pause Young (Normal) (G1 Evacuation Pause)
[2024-06-14T15:48:34.879-0400][gc,task     ] GC(23) Using 4 workers of 4 for evacuation
[2024-06-14T15:48:34.893-0400][gc,phases   ] GC(23)   Pre Evacuate Collection Set: 1.3ms
[2024-06-14T15:48:34.893-0400][gc,phases   ] GC(23)   Merge Heap Roots: 0.2ms
[2024-06-14T15:48:34.893-0400][gc,phases   ] GC(23)   Evacuate Collection Set: 11.7ms
[2024-06-14T15:48:34.893-0400][gc,phases   ] GC(23)   Post Evacuate Collection Set: 0.7ms
[2024-06-14T15:48:34.893-0400][gc,phases   ] GC(23)   Other: 0.2ms
[2024-06-14T15:48:34.893-0400][gc,heap     ] GC(23) Eden regions: 48->0(48)
[2024-06-14T15:48:34.893-0400][gc,heap     ] GC(23) Survivor regions: 3->3(7)
[2024-06-14T15:48:34.893-0400][gc,heap     ] GC(23) Old regions: 15->15
[2024-06-14T15:48:34.893-0400][gc,heap     ] GC(23) Humongous regions: 129->129
[2024-06-14T15:48:34.893-0400][gc,metaspace] GC(23) Metaspace: 40738K(41280K)->40738K(41280K) NonClass: 35786K(36096K)->35786K(36096K) Class: 4952K(5184K)->4952K(5184K)
[2024-06-14T15:48:34.893-0400][gc          ] GC(23) Pause Young (Normal) (G1 Evacuation Pause) 193M->146M(1024M) 15.528ms
[2024-06-14T15:48:34.893-0400][gc,cpu      ] GC(23) User=0.01s Sys=0.02s Real=0.02s
[2024-06-14T15:55:22.304-0400][gc,start    ] GC(24) Pause Young (Normal) (G1 Evacuation Pause)
[2024-06-14T15:55:22.305-0400][gc,task     ] GC(24) Using 4 workers of 4 for evacuation
[2024-06-14T15:55:22.311-0400][gc,phases   ] GC(24)   Pre Evacuate Collection Set: 0.3ms
[2024-06-14T15:55:22.311-0400][gc,phases   ] GC(24)   Merge Heap Roots: 0.1ms
[2024-06-14T15:55:22.311-0400][gc,phases   ] GC(24)   Evacuate Collection Set: 5.4ms
[2024-06-14T15:55:22.311-0400][gc,phases   ] GC(24)   Post Evacuate Collection Set: 0.4ms
[2024-06-14T15:55:22.311-0400][gc,phases   ] GC(24)   Other: 0.2ms
[2024-06-14T15:55:22.311-0400][gc,heap     ] GC(24) Eden regions: 48->0(49)
[2024-06-14T15:55:22.311-0400][gc,heap     ] GC(24) Survivor regions: 3->2(7)
[2024-06-14T15:55:22.311-0400][gc,heap     ] GC(24) Old regions: 15->15
[2024-06-14T15:55:22.311-0400][gc,heap     ] GC(24) Humongous regions: 129->129
[2024-06-14T15:55:22.311-0400][gc,metaspace] GC(24) Metaspace: 40744K(41344K)->40744K(41344K) NonClass: 35790K(36096K)->35790K(36096K) Class: 4953K(5248K)->4953K(5248K)
[2024-06-14T15:55:22.311-0400][gc          ] GC(24) Pause Young (Normal) (G1 Evacuation Pause) 194M->145M(1024M) 6.726ms
[2024-06-14T15:55:22.311-0400][gc,cpu      ] GC(24) User=0.01s Sys=0.01s Real=0.01s
[2024-06-14T16:01:17.428-0400][gc,start    ] GC(25) Pause Young (Normal) (G1 Evacuation Pause)
[2024-06-14T16:01:17.428-0400][gc,task     ] GC(25) Using 4 workers of 4 for evacuation
[2024-06-14T16:01:17.436-0400][gc,phases   ] GC(25)   Pre Evacuate Collection Set: 0.4ms
[2024-06-14T16:01:17.436-0400][gc,phases   ] GC(25)   Merge Heap Roots: 0.1ms
[2024-06-14T16:01:17.436-0400][gc,phases   ] GC(25)   Evacuate Collection Set: 6.7ms
[2024-06-14T16:01:17.436-0400][gc,phases   ] GC(25)   Post Evacuate Collection Set: 0.5ms
[2024-06-14T16:01:17.436-0400][gc,phases   ] GC(25)   Other: 0.2ms
[2024-06-14T16:01:17.436-0400][gc,heap     ] GC(25) Eden regions: 49->0(51)
[2024-06-14T16:01:17.436-0400][gc,heap     ] GC(25) Survivor regions: 2->3(7)
[2024-06-14T16:01:17.436-0400][gc,heap     ] GC(25) Old regions: 15->16
[2024-06-14T16:01:17.436-0400][gc,heap     ] GC(25) Humongous regions: 129->129
[2024-06-14T16:01:17.436-0400][gc,metaspace] GC(25) Metaspace: 40745K(41344K)->40745K(41344K) NonClass: 35792K(36096K)->35792K(36096K) Class: 4953K(5248K)->4953K(5248K)
[2024-06-14T16:01:17.436-0400][gc          ] GC(25) Pause Young (Normal) (G1 Evacuation Pause) 194M->146M(1024M) 8.265ms
[2024-06-14T16:01:17.436-0400][gc,cpu      ] GC(25) User=0.02s Sys=0.01s Real=0.01s
[2024-06-14T16:10:24.385-0400][gc,start    ] GC(26) Pause Young (Normal) (G1 Evacuation Pause)
[2024-06-14T16:10:24.387-0400][gc,task     ] GC(26) Using 4 workers of 4 for evacuation
[2024-06-14T16:10:24.397-0400][gc,phases   ] GC(26)   Pre Evacuate Collection Set: 2.4ms
[2024-06-14T16:10:24.397-0400][gc,phases   ] GC(26)   Merge Heap Roots: 0.3ms
[2024-06-14T16:10:24.397-0400][gc,phases   ] GC(26)   Evacuate Collection Set: 6.9ms
[2024-06-14T16:10:24.397-0400][gc,phases   ] GC(26)   Post Evacuate Collection Set: 0.7ms
[2024-06-14T16:10:24.397-0400][gc,phases   ] GC(26)   Other: 0.3ms
[2024-06-14T16:10:24.397-0400][gc,heap     ] GC(26) Eden regions: 72->0(580)
[2024-06-14T16:10:24.397-0400][gc,heap     ] GC(26) Survivor regions: 3->2(10)
[2024-06-14T16:10:24.397-0400][gc,heap     ] GC(26) Old regions: 16->16
[2024-06-14T16:10:24.397-0400][gc,heap     ] GC(26) Humongous regions: 129->129
[2024-06-14T16:10:24.397-0400][gc,metaspace] GC(26) Metaspace: 40763K(41344K)->40763K(41344K) NonClass: 35810K(36096K)->35810K(36096K) Class: 4953K(5248K)->4953K(5248K)
[2024-06-14T16:10:24.397-0400][gc          ] GC(26) Pause Young (Normal) (G1 Evacuation Pause) 218M->146M(1024M) 12.352ms
[2024-06-14T16:10:24.397-0400][gc,cpu      ] GC(26) User=0.02s Sys=0.02s Real=0.01s
[2024-06-18T00:49:07.034-0400][gc,start    ] GC(27) Pause Young (Normal) (G1 Evacuation Pause)
[2024-06-18T00:49:07.067-0400][gc,task     ] GC(27) Using 4 workers of 4 for evacuation
[2024-06-18T00:49:07.666-0400][gc,mmu      ] GC(27) MMU target violated: 21.0ms (20.0ms/21.0ms)
[2024-06-18T00:49:07.666-0400][gc,phases   ] GC(27)   Pre Evacuate Collection Set: 110.3ms
[2024-06-18T00:49:07.666-0400][gc,phases   ] GC(27)   Merge Heap Roots: 15.1ms
[2024-06-18T00:49:07.666-0400][gc,phases   ] GC(27)   Evacuate Collection Set: 208.8ms
[2024-06-18T00:49:07.666-0400][gc,phases   ] GC(27)   Post Evacuate Collection Set: 249.1ms
[2024-06-18T00:49:07.667-0400][gc,phases   ] GC(27)   Other: 19.9ms
[2024-06-18T00:49:07.667-0400][gc,heap     ] GC(27) Eden regions: 612->0(49)
[2024-06-18T00:49:07.667-0400][gc,heap     ] GC(27) Survivor regions: 2->2(77)
[2024-06-18T00:49:07.667-0400][gc,heap     ] GC(27) Old regions: 16->16
[2024-06-18T00:49:07.667-0400][gc,heap     ] GC(27) Humongous regions: 129->129
[2024-06-18T00:49:07.667-0400][gc,metaspace] GC(27) Metaspace: 40829K(41408K)->40829K(41408K) NonClass: 35876K(36160K)->35876K(36160K) Class: 4953K(5248K)->4953K(5248K)
[2024-06-18T00:49:07.667-0400][gc          ] GC(27) Pause Young (Normal) (G1 Evacuation Pause) 758M->146M(1024M) 634.331ms
[2024-06-18T00:49:07.667-0400][gc,cpu      ] GC(27) User=0.03s Sys=0.33s Real=0.63s
[2024-06-18T01:01:38.370-0400][gc,heap,exit] Heap
[2024-06-18T01:01:38.370-0400][gc,heap,exit]  garbage-first heap   total 1048576K, used 168486K [0x00000007c0000000, 0x0000000800000000)
[2024-06-18T01:01:38.370-0400][gc,heap,exit]   region size 1024K, 21 young (21504K), 2 survivors (2048K)
[2024-06-18T01:01:38.370-0400][gc,heap,exit]  Metaspace       used 40965K, committed 41536K, reserved 1114112K
[2024-06-18T01:01:38.370-0400][gc,heap,exit]   class space    used 4982K, committed 5248K, reserved 1048576K
