[2024-06-12T17:51:45.188-0400][gc,heap] Heap region size: 1M
[2024-06-12T17:51:45.193-0400][gc     ] Using G1
[2024-06-12T17:51:45.193-0400][gc,heap,coops] Heap address: 0x00000007e0000000, size: 512 MB, Compressed Oops mode: Zero based, Oop shift amount: 3
[2024-06-12T18:00:40.100-0400][gc,start     ] GC(0) Pause Young (Normal) (G1 Evacuation Pause)
[2024-06-12T18:00:40.101-0400][gc,task      ] GC(0) Using 4 workers of 4 for evacuation
[2024-06-12T18:00:40.116-0400][gc,phases    ] GC(0)   Pre Evacuate Collection Set: 0.0ms
[2024-06-12T18:00:40.116-0400][gc,phases    ] GC(0)   Evacuate Collection Set: 14.6ms
[2024-06-12T18:00:40.116-0400][gc,phases    ] GC(0)   Post Evacuate Collection Set: 0.4ms
[2024-06-12T18:00:40.116-0400][gc,phases    ] GC(0)   Other: 0.7ms
[2024-06-12T18:00:40.116-0400][gc,heap      ] GC(0) Eden regions: 25->0(21)
[2024-06-12T18:00:40.116-0400][gc,heap      ] GC(0) Survivor regions: 0->4(4)
[2024-06-12T18:00:40.116-0400][gc,heap      ] GC(0) Old regions: 0->2
[2024-06-12T18:00:40.116-0400][gc,heap      ] GC(0) Humongous regions: 0->0
[2024-06-12T18:00:40.116-0400][gc,metaspace ] GC(0) Metaspace: 15277K(15744K)->15277K(15744K) NonClass: 13755K(14080K)->13755K(14080K) Class: 1522K(1664K)->1522K(1664K)
[2024-06-12T18:00:40.116-0400][gc           ] GC(0) Pause Young (Normal) (G1 Evacuation Pause) 25M->5M(512M) 16.007ms
[2024-06-12T18:00:40.117-0400][gc,cpu       ] GC(0) User=0.02s Sys=0.01s Real=0.01s
[2024-06-13T13:29:10.163-0400][gc,heap,exit ] Heap
[2024-06-13T13:29:10.171-0400][gc,heap,exit ]  garbage-first heap   total 524288K, used 21204K [0x00000007e0000000, 0x0000000800000000)
[2024-06-13T13:29:10.171-0400][gc,heap,exit ]   region size 1024K, 20 young (20480K), 4 survivors (4096K)
[2024-06-13T13:29:10.172-0400][gc,heap,exit ]  Metaspace       used 16174K, capacity 16468K, committed 16896K, reserved 1064960K
[2024-06-13T13:29:10.172-0400][gc,heap,exit ]   class space    used 1566K, capacity 1676K, committed 1792K, reserved 1048576K
