[2024-06-13T13:47:41.709-0400][gc,init] CardTable entry size: 512
[2024-06-13T13:47:41.710-0400][gc     ] Using G1
[2024-06-13T13:47:41.718-0400][gc,init] Version: 21.0.3 (release)
[2024-06-13T13:47:41.718-0400][gc,init] CPUs: 4 total, 4 available
[2024-06-13T13:47:41.718-0400][gc,init] Memory: 8192M
[2024-06-13T13:47:41.718-0400][gc,init] Large Page Support: Disabled
[2024-06-13T13:47:41.718-0400][gc,init] NUMA Support: Disabled
[2024-06-13T13:47:41.718-0400][gc,init] Compressed Oops: Enabled (Zero based)
[2024-06-13T13:47:41.718-0400][gc,init] Heap Region Size: 1M
[2024-06-13T13:47:41.718-0400][gc,init] Heap Min Capacity: 512M
[2024-06-13T13:47:41.718-0400][gc,init] Heap Initial Capacity: 512M
[2024-06-13T13:47:41.718-0400][gc,init] Heap Max Capacity: 512M
[2024-06-13T13:47:41.718-0400][gc,init] Pre-touch: Disabled
[2024-06-13T13:47:41.718-0400][gc,init] Parallel Workers: 4
[2024-06-13T13:47:41.718-0400][gc,init] Concurrent Workers: 1
[2024-06-13T13:47:41.718-0400][gc,init] Concurrent Refinement Workers: 4
[2024-06-13T13:47:41.718-0400][gc,init] Periodic GC: Disabled
[2024-06-13T13:47:41.728-0400][gc,metaspace] CDS archive(s) mapped at: [0x0000000127000000-0x0000000127ca1000-0x0000000127ca1000), size 13242368, SharedBaseAddress: 0x0000000127000000, ArchiveRelocationMode: 1.
[2024-06-13T13:47:41.728-0400][gc,metaspace] Compressed class space mapped at: 0x0000000128000000-0x0000000168000000, reserved size: 1073741824
[2024-06-13T13:47:41.728-0400][gc,metaspace] Narrow klass base: 0x0000000127000000, Narrow klass shift: 0, Narrow klass range: 0x100000000
[2024-06-13T13:48:43.612-0400][gc,start    ] GC(0) Pause Young (Normal) (G1 Evacuation Pause)
[2024-06-13T13:48:43.613-0400][gc,task     ] GC(0) Using 4 workers of 4 for evacuation
[2024-06-13T13:48:43.630-0400][gc,phases   ] GC(0)   Pre Evacuate Collection Set: 0.3ms
[2024-06-13T13:48:43.630-0400][gc,phases   ] GC(0)   Merge Heap Roots: 0.1ms
[2024-06-13T13:48:43.630-0400][gc,phases   ] GC(0)   Evacuate Collection Set: 11.7ms
[2024-06-13T13:48:43.630-0400][gc,phases   ] GC(0)   Post Evacuate Collection Set: 5.4ms
[2024-06-13T13:48:43.630-0400][gc,phases   ] GC(0)   Other: 0.8ms
[2024-06-13T13:48:43.630-0400][gc,heap     ] GC(0) Eden regions: 25->0(21)
[2024-06-13T13:48:43.630-0400][gc,heap     ] GC(0) Survivor regions: 0->4(4)
[2024-06-13T13:48:43.630-0400][gc,heap     ] GC(0) Old regions: 2->4
[2024-06-13T13:48:43.630-0400][gc,heap     ] GC(0) Humongous regions: 0->0
[2024-06-13T13:48:43.630-0400][gc,metaspace] GC(0) Metaspace: 8205K(8448K)->8205K(8448K) NonClass: 7317K(7424K)->7317K(7424K) Class: 887K(1024K)->887K(1024K)
[2024-06-13T13:48:43.630-0400][gc          ] GC(0) Pause Young (Normal) (G1 Evacuation Pause) 26M->6M(512M) 18.826ms
[2024-06-13T13:48:43.631-0400][gc,cpu      ] GC(0) User=0.01s Sys=0.01s Real=0.02s
