[2024-06-12T13:15:38.610-0400][gc,heap] Heap region size: 1M
[2024-06-12T13:15:38.617-0400][gc     ] Using G1
[2024-06-12T13:15:38.617-0400][gc,heap,coops] Heap address: 0x00000007e0000000, size: 512 MB, Compressed Oops mode: Zero based, Oop shift amount: 3
[2024-06-12T13:21:44.756-0400][gc,start     ] GC(0) Pause Young (Normal) (G1 Evacuation Pause)
[2024-06-12T13:21:44.756-0400][gc,task      ] GC(0) Using 4 workers of 4 for evacuation
[2024-06-12T13:21:44.820-0400][gc,mmu       ] GC(0) MMU target violated: 21.0ms (20.0ms/21.0ms)
[2024-06-12T13:21:44.820-0400][gc,phases    ] GC(0)   Pre Evacuate Collection Set: 3.8ms
[2024-06-12T13:21:44.820-0400][gc,phases    ] GC(0)   Evacuate Collection Set: 56.2ms
[2024-06-12T13:21:44.820-0400][gc,phases    ] GC(0)   Post Evacuate Collection Set: 1.1ms
[2024-06-12T13:21:44.820-0400][gc,phases    ] GC(0)   Other: 3.1ms
[2024-06-12T13:21:44.820-0400][gc,heap      ] GC(0) Eden regions: 25->0(21)
[2024-06-12T13:21:44.820-0400][gc,heap      ] GC(0) Survivor regions: 0->4(4)
[2024-06-12T13:21:44.820-0400][gc,heap      ] GC(0) Old regions: 0->2
[2024-06-12T13:21:44.820-0400][gc,heap      ] GC(0) Humongous regions: 0->0
[2024-06-12T13:21:44.820-0400][gc,metaspace ] GC(0) Metaspace: 15099K(15744K)->15099K(15744K) NonClass: 13598K(14080K)->13598K(14080K) Class: 1501K(1664K)->1501K(1664K)
[2024-06-12T13:21:44.820-0400][gc           ] GC(0) Pause Young (Normal) (G1 Evacuation Pause) 25M->5M(512M) 64.321ms
[2024-06-12T13:21:44.820-0400][gc,cpu       ] GC(0) User=0.03s Sys=0.08s Real=0.07s
